Component: Arm Compiler for Embedded 6.22 Tool: armlink [5ee90200]

==============================================================================

Section Cross References

    startup_stm32f103xb.o(STACK) refers (Special) to heapauxi.o(.text) for __use_two_region_memory
    startup_stm32f103xb.o(HEAP) refers (Special) to heapauxi.o(.text) for __use_two_region_memory
    startup_stm32f103xb.o(RESET) refers (Special) to heapauxi.o(.text) for __use_two_region_memory
    startup_stm32f103xb.o(RESET) refers to startup_stm32f103xb.o(STACK) for __initial_sp
    startup_stm32f103xb.o(RESET) refers to startup_stm32f103xb.o(.text) for Reset_Handler
    startup_stm32f103xb.o(RESET) refers to stm32f1xx_it.o(.text.NMI_Handler) for NMI_Handler
    startup_stm32f103xb.o(RESET) refers to stm32f1xx_it.o(.text.HardFault_Handler) for HardFault_Handler
    startup_stm32f103xb.o(RESET) refers to stm32f1xx_it.o(.text.MemManage_Handler) for MemManage_Handler
    startup_stm32f103xb.o(RESET) refers to stm32f1xx_it.o(.text.BusFault_Handler) for BusFault_Handler
    startup_stm32f103xb.o(RESET) refers to stm32f1xx_it.o(.text.UsageFault_Handler) for UsageFault_Handler
    startup_stm32f103xb.o(RESET) refers to stm32f1xx_it.o(.text.SVC_Handler) for SVC_Handler
    startup_stm32f103xb.o(RESET) refers to stm32f1xx_it.o(.text.DebugMon_Handler) for DebugMon_Handler
    startup_stm32f103xb.o(RESET) refers to stm32f1xx_it.o(.text.PendSV_Handler) for PendSV_Handler
    startup_stm32f103xb.o(RESET) refers to stm32f1xx_it.o(.text.SysTick_Handler) for SysTick_Handler
    startup_stm32f103xb.o(RESET) refers to stm32f1xx_it.o(.text.EXTI0_IRQHandler) for EXTI0_IRQHandler
    startup_stm32f103xb.o(RESET) refers to stm32f1xx_it.o(.text.EXTI1_IRQHandler) for EXTI1_IRQHandler
    startup_stm32f103xb.o(RESET) refers to stm32f1xx_it.o(.text.DMA1_Channel2_IRQHandler) for DMA1_Channel2_IRQHandler
    startup_stm32f103xb.o(RESET) refers to stm32f1xx_it.o(.text.DMA1_Channel3_IRQHandler) for DMA1_Channel3_IRQHandler
    startup_stm32f103xb.o(RESET) refers to stm32f1xx_it.o(.text.DMA1_Channel4_IRQHandler) for DMA1_Channel4_IRQHandler
    startup_stm32f103xb.o(RESET) refers to stm32f1xx_it.o(.text.DMA1_Channel5_IRQHandler) for DMA1_Channel5_IRQHandler
    startup_stm32f103xb.o(RESET) refers to stm32f1xx_it.o(.text.TIM4_IRQHandler) for TIM4_IRQHandler
    startup_stm32f103xb.o(RESET) refers to stm32f1xx_it.o(.text.USART1_IRQHandler) for USART1_IRQHandler
    startup_stm32f103xb.o(RESET) refers to stm32f1xx_it.o(.text.USART3_IRQHandler) for USART3_IRQHandler
    startup_stm32f103xb.o(.text) refers (Special) to heapauxi.o(.text) for __use_two_region_memory
    startup_stm32f103xb.o(.text) refers to system_stm32f1xx.o(.text.SystemInit) for SystemInit
    startup_stm32f103xb.o(.text) refers to __main.o(!!!main) for __main
    startup_stm32f103xb.o(.text) refers to startup_stm32f103xb.o(HEAP) for Heap_Mem
    startup_stm32f103xb.o(.text) refers to startup_stm32f103xb.o(STACK) for Stack_Mem
    dht.o(.ARM.exidx.text.DWT_Delay_Init) refers to dht.o(.text.DWT_Delay_Init) for [Anonymous Symbol]
    dht.o(.text.Set_Pin_Output) refers to stm32f1xx_hal_gpio.o(.text.HAL_GPIO_Init) for HAL_GPIO_Init
    dht.o(.ARM.exidx.text.Set_Pin_Output) refers to dht.o(.text.Set_Pin_Output) for [Anonymous Symbol]
    dht.o(.text.Set_Pin_Input) refers to stm32f1xx_hal_gpio.o(.text.HAL_GPIO_Init) for HAL_GPIO_Init
    dht.o(.ARM.exidx.text.Set_Pin_Input) refers to dht.o(.text.Set_Pin_Input) for [Anonymous Symbol]
    dht.o(.text.DHT_Start) refers to stm32f1xx_hal_gpio.o(.text.HAL_GPIO_Init) for HAL_GPIO_Init
    dht.o(.text.DHT_Start) refers to stm32f1xx_hal_gpio.o(.text.HAL_GPIO_WritePin) for HAL_GPIO_WritePin
    dht.o(.text.DHT_Start) refers to stm32f1xx_hal_rcc.o(.text.HAL_RCC_GetHCLKFreq) for HAL_RCC_GetHCLKFreq
    dht.o(.ARM.exidx.text.DHT_Start) refers to dht.o(.text.DHT_Start) for [Anonymous Symbol]
    dht.o(.text.DHT_Check_Response) refers to stm32f1xx_hal_rcc.o(.text.HAL_RCC_GetHCLKFreq) for HAL_RCC_GetHCLKFreq
    dht.o(.text.DHT_Check_Response) refers to stm32f1xx_hal_gpio.o(.text.HAL_GPIO_ReadPin) for HAL_GPIO_ReadPin
    dht.o(.ARM.exidx.text.DHT_Check_Response) refers to dht.o(.text.DHT_Check_Response) for [Anonymous Symbol]
    dht.o(.text.DHT_Read) refers to stm32f1xx_hal_gpio.o(.text.HAL_GPIO_ReadPin) for HAL_GPIO_ReadPin
    dht.o(.text.DHT_Read) refers to stm32f1xx_hal_rcc.o(.text.HAL_RCC_GetHCLKFreq) for HAL_RCC_GetHCLKFreq
    dht.o(.ARM.exidx.text.DHT_Read) refers to dht.o(.text.DHT_Read) for [Anonymous Symbol]
    dht.o(.text.DHT_GetData) refers to dht.o(.text.DHT_Start) for DHT_Start
    dht.o(.text.DHT_GetData) refers to dht.o(.text.DHT_Check_Response) for DHT_Check_Response
    dht.o(.text.DHT_GetData) refers to dht.o(.bss..L_MergedGlobals) for .L_MergedGlobals
    dht.o(.text.DHT_GetData) refers to dht.o(.text.DHT_Read) for DHT_Read
    dht.o(.text.DHT_GetData) refers to fflt_clz.o(x$fpl$ffltu) for __aeabi_ui2f
[...]
    __rt_lib_init_cpp_1                      0x08000205   Thumb Code     0  libinit2.o(.ARM.Collect$$libinit$$00000034)
    __rt_lib_init_exceptions_1               0x08000205   Thumb Code     0  libinit2.o(.ARM.Collect$$libinit$$00000032)
    __rt_lib_init_fp_trap_1                  0x08000205   Thumb Code     0  libinit2.o(.ARM.Collect$$libinit$$00000021)
    __rt_lib_init_getenv_1                   0x08000205   Thumb Code     0  libinit2.o(.ARM.Collect$$libinit$$00000025)
    __rt_lib_init_lc_numeric_1               0x08000205   Thumb Code     0  libinit2.o(.ARM.Collect$$libinit$$00000019)
    __rt_lib_init_lc_time_1                  0x08000205   Thumb Code     0  libinit2.o(.ARM.Collect$$libinit$$0000001B)
    __rt_lib_init_return                     0x08000205   Thumb Code     0  libinit2.o(.ARM.Collect$$libinit$$00000035)
    __rt_lib_init_signal_1                   0x08000205   Thumb Code     0  libinit2.o(.ARM.Collect$$libinit$$0000001F)
    __rt_lib_init_stdio_1                    0x08000205   Thumb Code     0  libinit2.o(.ARM.Collect$$libinit$$00000027)
    __rt_lib_shutdown                        0x08000207   Thumb Code     0  libshutdown.o(.ARM.Collect$$libshutdown$$00000000)
    __rt_lib_shutdown_cpp_1                  0x08000209   Thumb Code     0  libshutdown2.o(.ARM.Collect$$libshutdown$$00000002)
    __rt_lib_shutdown_fp_trap_1              0x08000209   Thumb Code     0  libshutdown2.o(.ARM.Collect$$libshutdown$$00000007)
    __rt_lib_shutdown_heap_1                 0x08000209   Thumb Code     0  libshutdown2.o(.ARM.Collect$$libshutdown$$0000000F)
    __rt_lib_shutdown_return                 0x08000209   Thumb Code     0  libshutdown2.o(.ARM.Collect$$libshutdown$$00000010)
    __rt_lib_shutdown_signal_1               0x08000209   Thumb Code     0  libshutdown2.o(.ARM.Collect$$libshutdown$$0000000A)
    __rt_lib_shutdown_stdio_1                0x08000209   Thumb Code     0  libshutdown2.o(.ARM.Collect$$libshutdown$$00000004)
    __rt_lib_shutdown_user_alloc_1           0x08000209   Thumb Code     0  libshutdown2.o(.ARM.Collect$$libshutdown$$0000000C)
    __rt_entry                               0x0800020b   Thumb Code     0  __rtentry.o(.ARM.Collect$$rtentry$$00000000)
    __rt_entry_presh_1                       0x0800020b   Thumb Code     0  __rtentry2.o(.ARM.Collect$$rtentry$$00000002)
    __rt_entry_sh                            0x0800020b   Thumb Code     0  __rtentry4.o(.ARM.Collect$$rtentry$$00000004)
    __rt_entry_li                            0x08000211   Thumb Code     0  __rtentry2.o(.ARM.Collect$$rtentry$$0000000A)
    __rt_entry_postsh_1                      0x08000211   Thumb Code     0  __rtentry2.o(.ARM.Collect$$rtentry$$00000009)
    __rt_entry_main                          0x08000215   Thumb Code     0  __rtentry2.o(.ARM.Collect$$rtentry$$0000000D)
    __rt_entry_postli_1                      0x08000215   Thumb Code     0  __rtentry2.o(.ARM.Collect$$rtentry$$0000000C)
    __rt_exit                                0x0800021d   Thumb Code     0  rtexit.o(.ARM.Collect$$rtexit$$00000000)
    __rt_exit_ls                             0x0800021f   Thumb Code     0  rtexit2.o(.ARM.Collect$$rtexit$$00000003)
    __rt_exit_prels_1                        0x0800021f   Thumb Code     0  rtexit2.o(.ARM.Collect$$rtexit$$00000002)
    __rt_exit_exit                           0x08000223   Thumb Code     0  rtexit2.o(.ARM.Collect$$rtexit$$00000004)
    rand                                     0x08000229   Thumb Code    48  rand.o(.emb_text)
    Reset_Handler                            0x0800025d   Thumb Code     8  startup_stm32f103xb.o(.text)
    ADC1_2_IRQHandler                        0x08000277   Thumb Code     0  startup_stm32f103xb.o(.text)
    CAN1_RX1_IRQHandler                      0x08000277   Thumb Code     0  startup_stm32f103xb.o(.text)
    CAN1_SCE_IRQHandler                      0x08000277   Thumb Code     0  startup_stm32f103xb.o(.text)
    DMA1_Channel1_IRQHandler                 0x08000277   Thumb Code     0  startup_stm32f103xb.o(.text)
    DMA1_Channel6_IRQHandler                 0x08000277   Thumb Code     0  startup_stm32f103xb.o(.text)
    DMA1_Channel7_IRQHandler                 0x08000277   Thumb Code     0  startup_stm32f103xb.o(.text)
    EXTI15_10_IRQHandler                     0x08000277   Thumb Code     0  startup_stm32f103xb.o(.text)
    EXTI2_IRQHandler                         0x08000277   Thumb Code     0  startup_stm32f103xb.o(.text)
    EXTI3_IRQHandler                         0x08000277   Thumb Code     0  startup_stm32f103xb.o(.text)
    EXTI4_IRQHandler                         0x08000277   Thumb Code     0  startup_stm32f103xb.o(.text)
    EXTI9_5_IRQHandler                       0x08000277   Thumb Code     0  startup_stm32f103xb.o(.text)
    FLASH_IRQHandler                         0x08000277   Thumb Code     0  startup_stm32f103xb.o(.text)
    I2C1_ER_IRQHandler                       0x08000277   Thumb Code     0  startup_stm32f103xb.o(.text)
    I2C1_EV_IRQHandler                       0x08000277   Thumb Code     0  startup_stm32f103xb.o(.text)
    I2C2_ER_IRQHandler                       0x08000277   Thumb Code     0  startup_stm32f103xb.o(.text)
    I2C2_EV_IRQHandler                       0x08000277   Thumb Code     0  startup_stm32f103xb.o(.text)
    PVD_IRQHandler                           0x08000277   Thumb Code     0  startup_stm32f103xb.o(.text)
    RCC_IRQHandler                           0x08000277   Thumb Code     0  startup_stm32f103xb.o(.text)
    RTC_Alarm_IRQHandler                     0x08000277   Thumb Code     0  startup_stm32f103xb.o(.text)
    RTC_IRQHandler                           0x08000277   Thumb Code     0  startup_stm32f103xb.o(.text)
    SPI1_IRQHandler                          0x08000277   Thumb Code     0  startup_stm32f103xb.o(.text)
    SPI2_IRQHandler                          0x08000277   Thumb Code     0  startup_stm32f103xb.o(.text)
    TAMPER_IRQHandler                        0x08000277   Thumb Code     0  startup_stm32f103xb.o(.text)
    TIM1_BRK_IRQHandler                      0x08000277   Thumb Code     0  startup_stm32f103xb.o(.text)
    TIM1_CC_IRQHandler                       0x08000277   Thumb Code     0  startup_stm32f103xb.o(.text)
    TIM1_TRG_COM_IRQHandler                  0x08000277   Thumb Code     0  startup_stm32f103xb.o(.text)
    TIM1_UP_IRQHandler                       0x08000277   Thumb Code     0  startup_stm32f103xb.o(.text)
    TIM2_IRQHandler                          0x08000277   Thumb Code     0  startup_stm32f103xb.o(.text)
    TIM3_IRQHandler                          0x08000277   Thumb Code     0  startup_stm32f103xb.o(.text)
    USART2_IRQHandler                        0x08000277   Thumb Code     0  startup_stm32f103xb.o(.text)
    USBWakeUp_IRQHandler                     0x08000277   Thumb Code     0  startup_stm32f103xb.o(.text)
    USB_HP_CAN1_TX_IRQHandler                0x08000277   Thumb Code     0  startup_stm32f103xb.o(.text)
    USB_LP_CAN1_RX0_IRQHandler               0x08000277   Thumb Code     0  startup_stm32f103xb.o(.text)
    WWDG_IRQHandler                          0x08000277   Thumb Code     0  startup_stm32f103xb.o(.text)
    __user_initial_stackheap                 0x08000279   Thumb Code     0  startup_stm32f103xb.o(.text)
    malloc                                   0x0800029d   Thumb Code    94  h1_alloc.o(.text)
    free                                     0x080002fb   Thumb Code    78  h1_free.o(.text)
    realloc                                  0x08000349   Thumb Code   196  h1_realloc.o(.text)
    __2snprintf                              0x0800040d   Thumb Code    58  __2snprintf.o(.text)
    _printf_pre_padding                      0x0800044d   Thumb Code    44  _printf_pad.o(.text)
    _printf_post_padding                     0x08000479   Thumb Code    34  _printf_pad.o(.text)
    _printf_str                              0x0800049b   Thumb Code    82  _printf_str.o(.text)
    _printf_int_dec                          0x080004ed   Thumb Code   104  _printf_dec.o(.text)
    _printf_int_hex                          0x08000565   Thumb Code    84  _printf_hex_int.o(.text)
    _printf_longlong_hex                     0x08000565   Thumb Code     0  _printf_hex_int.o(.text)
    __printf                                 0x080005bd   Thumb Code   388  __printf_flags_ss_wp.o(.text)
    atoi                                     0x08000745   Thumb Code    26  atoi.o(.text)
    srand                                    0x08000761   Thumb Code    42  rand.o(.text)
    _rand_init                               0x0800078b   Thumb Code     4  rand.o(.text)
    strtok                                   0x0800079d   Thumb Code     6  strtok.o(.text)
    strchr                                   0x080007a9   Thumb Code    20  strchr.o(.text)
    strstr                                   0x080007bd   Thumb Code    36  strstr.o(.text)
    strrchr                                  0x080007e1   Thumb Code    22  strrchr.o(.text)
    strlen                                   0x080007f7   Thumb Code    62  strlen.o(.text)
    strncmp                                  0x08000835   Thumb Code   150  strncmp.o(.text)
    __aeabi_memclr4                          0x080008cb   Thumb Code     0  rt_memclr_w.o(.text)
    __aeabi_memclr8                          0x080008cb   Thumb Code     0  rt_memclr_w.o(.text)
    __rt_memclr_w                            0x080008cb   Thumb Code     0  rt_memclr_w.o(.text)
    _memset_w                                0x080008cf   Thumb Code    74  rt_memclr_w.o(.text)
    strncpy                                  0x08000919   Thumb Code    86  strncpy.o(.text)
    strcmp                                   0x08000971   Thumb Code   128  strcmpv7m.o(.text)
    __use_two_region_memory                  0x080009f1   Thumb Code     2  heapauxi.o(.text)
    __rt_heap_escrow                         0x080009f3   Thumb Code     2  heapauxi.o(.text)
    __rt_heap_expand                         0x080009f5   Thumb Code     2  heapauxi.o(.text)
    __rt_ctype_table                         0x080009f9   Thumb Code    16  rt_ctype_table.o(.text)
    __rt_heap_descriptor                     0x08000a09   Thumb Code     8  rt_heap_descriptor_intlibspace.o(.text)
    __aeabi_errno_addr                       0x08000a11   Thumb Code     8  rt_errno_addr_intlibspace.o(.text)
    __errno$intlibspace                      0x08000a11   Thumb Code     0  rt_errno_addr_intlibspace.o(.text)
    __rt_errno_addr$intlibspace              0x08000a11   Thumb Code     0  rt_errno_addr_intlibspace.o(.text)
    __use_no_heap                            0x08000a19   Thumb Code     2  hguard.o(.text)
    __heap$guard                             0x08000a1b   Thumb Code     2  hguard.o(.text)
    _terminate_user_alloc                    0x08000a1d   Thumb Code     2  init_alloc.o(.text)
    _init_user_alloc                         0x08000a1f   Thumb Code     2  init_alloc.o(.text)
    __Heap_Full                              0x08000a21   Thumb Code    34  init_alloc.o(.text)
    __Heap_Broken                            0x08000a43   Thumb Code     6  init_alloc.o(.text)
    _init_alloc                              0x08000a49   Thumb Code    94  init_alloc.o(.text)
    __Heap_Initialize                        0x08000aa7   Thumb Code     8  h1_init.o(.text)
    __Heap_DescSize                          0x08000aaf   Thumb Code     4  h1_init.o(.text)
    _printf_int_common                       0x08000ab3   Thumb Code   178  _printf_intcommon.o(.text)
    _printf_fp_dec_real                      0x08000d15   Thumb Code   620  _printf_fp_dec.o(.text)
    _printf_char_common                      0x08000f8b   Thumb Code    32  _printf_char_common.o(.text)
    _snputc                                  0x08000fb1   Thumb Code    16  _snputc.o(.text)
    _printf_cs_common                        0x08000fc1   Thumb Code    20  _printf_char.o(.text)
    _printf_char                             0x08000fd5   Thumb Code    16  _printf_char.o(.text)
    _printf_string                           0x08000fe5   Thumb Code     8  _printf_char.o(.text)
    _scanf_really_real                       0x08001239   Thumb Code   684  scanf_fp.o(.text)
    _sgetc                                   0x080014e5   Thumb Code    30  _sgetc.o(.text)
    _sbackspace                              0x08001503   Thumb Code    34  _sgetc.o(.text)
    __strtod_int                             0x08001569   Thumb Code    94  strtod.o(.text)
    strtol                                   0x080015d5   Thumb Code   112  strtol.o(.text)
    __strtok_internal                        0x08001645   Thumb Code    64  strtok_int.o(.text)
    __aeabi_memcpy4                          0x08001689   Thumb Code     0  rt_memcpy_w.o(.text)
    __aeabi_memcpy8                          0x08001689   Thumb Code     0  rt_memcpy_w.o(.text)
    __rt_memcpy_w                            0x08001689   Thumb Code   100  rt_memcpy_w.o(.text)
    _memcpy_lastbytes_aligned                0x080016d1   Thumb Code     0  rt_memcpy_w.o(.text)
    __aeabi_memclr                           0x080016ed   Thumb Code     0  rt_memclr.o(.text)
    __rt_memclr                              0x080016ed   Thumb Code     0  rt_memclr.o(.text)
    _memset                                  0x080016f1   Thumb Code    64  rt_memclr.o(.text)
    __user_libspace                          0x08001731   Thumb Code     8  libspace.o(.text)
    __user_perproc_libspace                  0x08001731   Thumb Code     0  libspace.o(.text)
    __user_perthread_libspace                0x08001731   Thumb Code     0  libspace.o(.text)
    __rt_locale                              0x08001739   Thumb Code     8  rt_locale_intlibspace.o(.text)
    __Heap_ProvideMemory                     0x08001741   Thumb Code    52  h1_extend.o(.text)
    _maybe_terminate_alloc                   0x08001741   Thumb Code     0  maybetermalloc1.o(.text)
    __aeabi_llsl                             0x08001775   Thumb Code     0  llshl.o(.text)
    _ll_shift_l                              0x08001775   Thumb Code    38  llshl.o(.text)
    _ll_udiv10                               0x0800179b   Thumb Code   138  lludiv10.o(.text)
    isspace                                  0x08001825   Thumb Code    18  isspace.o(.text)
    _printf_fp_infnan                        0x08001839   Thumb Code   112  _printf_fp_infnan.o(.text)
    _strtoul                                 0x080018b9   Thumb Code   158  _strtoul.o(.text)
    _btod_etento                             0x08001959   Thumb Code   224  bigflt0.o(.text)
    __rt_SIGRTMEM                            0x08001a3d   Thumb Code    14  defsig_rtmem_outer.o(.text)
    strcspn                                  0x08001a4b   Thumb Code    32  strcspn.o(.text)
    strspn                                   0x08001a6b   Thumb Code    28  strspn.o(.text)
    __I$use$semihosting                      0x08001a87   Thumb Code     0  use_no_semi.o(.text)
    __use_no_semihosting_swi                 0x08001a87   Thumb Code     2  use_no_semi.o(.text)
    __semihosting_library_function           0x08001a89   Thumb Code     0  indicate_semi.o(.text)
    __user_setup_stackheap                   0x08001a89   Thumb Code    74  sys_stackheap_outer.o(.text)
    __read_errno                             0x08001ad3   Thumb Code    10  _rserrno.o(.text)
    __set_errno                              0x08001add   Thumb Code    12  _rserrno.o(.text)
    _chval                                   0x08001ae9   Thumb Code    28  _chval.o(.text)
    _scanf_really_hex_real                   0x08001b05   Thumb Code   786  scanf_hexfp.o(.text)
    _scanf_really_infnan                     0x08001e25   Thumb Code   292  scanf_infnan.o(.text)
    exit                                     0x08001f59   Thumb Code    18  exit.o(.text)
    __sig_exit                               0x08001f6b   Thumb Code    10  defsig_exit.o(.text)
    __rt_SIGRTMEM_inner                      0x08001f75   Thumb Code    22  defsig_rtmem_inner.o(.text)
    _sys_exit                                0x08001fc5   Thumb Code     8  sys_exit.o(.text)
    __default_signal_display                 0x08001fd1   Thumb Code    50  defsig_general.o(.text)
    _ttywrch                                 0x08002003   Thumb Code    14  sys_wrch.o(.text)
    BusFault_Handler                         0x08002011   Thumb Code     2  stm32f1xx_it.o(.text.BusFault_Handler)
    ChangeMode                               0x08002015   Thumb Code   160  main.o(.text.ChangeMode)
    CheckSettingESP                          0x080020b5   Thumb Code   192  main.o(.text.CheckSettingESP)
    DMA1_Channel2_IRQHandler                 0x0800219d   Thumb Code    12  stm32f1xx_it.o(.text.DMA1_Channel2_IRQHandler)
    DMA1_Channel3_IRQHandler                 0x080021a9   Thumb Code    12  stm32f1xx_it.o(.text.DMA1_Channel3_IRQHandler)
    DMA1_Channel4_IRQHandler                 0x080021b5   Thumb Code    12  stm32f1xx_it.o(.text.DMA1_Channel4_IRQHandler)
    DMA1_Channel5_IRQHandler                 0x080021c1   Thumb Code    12  stm32f1xx_it.o(.text.DMA1_Channel5_IRQHandler)
    DebugMon_Handler                         0x080021cd   Thumb Code     2  stm32f1xx_it.o(.text.DebugMon_Handler)
    EXTI0_IRQHandler                         0x080021d1   Thumb Code     6  stm32f1xx_it.o(.text.EXTI0_IRQHandler)
    EXTI1_IRQHandler                         0x080021d9   Thumb Code     6  stm32f1xx_it.o(.text.EXTI1_IRQHandler)
    Error_Handler                            0x080021e1   Thumb Code    10  main.o(.text.Error_Handler)
    HAL_DMA_Abort                            0x080021ed   Thumb Code    70  stm32f1xx_hal_dma.o(.text.HAL_DMA_Abort)
    HAL_DMA_Abort_IT                         0x08002235   Thumb Code   182  stm32f1xx_hal_dma.o(.text.HAL_DMA_Abort_IT)
    HAL_DMA_IRQHandler                       0x080022ed   Thumb Code   416  stm32f1xx_hal_dma.o(.text.HAL_DMA_IRQHandler)
    HAL_DMA_Init                             0x0800248d   Thumb Code   132  stm32f1xx_hal_dma.o(.text.HAL_DMA_Init)
    HAL_DMA_Start_IT                         0x08002511   Thumb Code   160  stm32f1xx_hal_dma.o(.text.HAL_DMA_Start_IT)
    HAL_Delay                                0x080025b1   Thumb Code    40  stm32f1xx_hal.o(.text.HAL_Delay)
    HAL_GPIO_EXTI_Callback                   0x080025d9   Thumb Code   186  main.o(.text.HAL_GPIO_EXTI_Callback)
    HAL_GPIO_EXTI_IRQHandler                 0x08002695   Thumb Code    22  stm32f1xx_hal_gpio.o(.text.HAL_GPIO_EXTI_IRQHandler)
    HAL_GPIO_Init                            0x080026ad   Thumb Code   526  stm32f1xx_hal_gpio.o(.text.HAL_GPIO_Init)
    HAL_GPIO_ReadPin                         0x080028bd   Thumb Code    10  stm32f1xx_hal_gpio.o(.text.HAL_GPIO_ReadPin)
    HAL_GPIO_WritePin                        0x080028c9   Thumb Code    10  stm32f1xx_hal_gpio.o(.text.HAL_GPIO_WritePin)
    HAL_GetTick                              0x080028d5   Thumb Code    12  stm32f1xx_hal.o(.text.HAL_GetTick)
    HAL_IncTick                              0x080028e1   Thumb Code    26  stm32f1xx_hal.o(.text.HAL_IncTick)
    HAL_Init                                 0x080028fd   Thumb Code    38  stm32f1xx_hal.o(.text.HAL_Init)
    HAL_InitTick                             0x08002925   Thumb Code    72  stm32f1xx_hal.o(.text.HAL_InitTick)
    HAL_MspInit                              0x0800296d   Thumb Code    66  stm32f1xx_hal_msp.o(.text.HAL_MspInit)
    HAL_NVIC_EnableIRQ                       0x080029b1   Thumb Code    34  stm32f1xx_hal_cortex.o(.text.HAL_NVIC_EnableIRQ)
    HAL_NVIC_SetPriority                     0x080029d5   Thumb Code    86  stm32f1xx_hal_cortex.o(.text.HAL_NVIC_SetPriority)
    HAL_NVIC_SetPriorityGrouping             0x08002a2d   Thumb Code    32  stm32f1xx_hal_cortex.o(.text.HAL_NVIC_SetPriorityGrouping)
    HAL_RCC_ClockConfig                      0x08002a4d   Thumb Code   442  stm32f1xx_hal_rcc.o(.text.HAL_RCC_ClockConfig)
    HAL_RCC_GetPCLK1Freq                     0x08002c09   Thumb Code    38  stm32f1xx_hal_rcc.o(.text.HAL_RCC_GetPCLK1Freq)
    HAL_RCC_GetPCLK2Freq                     0x08002c31   Thumb Code    38  stm32f1xx_hal_rcc.o(.text.HAL_RCC_GetPCLK2Freq)
    HAL_RCC_OscConfig                        0x08002c59   Thumb Code  1024  stm32f1xx_hal_rcc.o(.text.HAL_RCC_OscConfig)
    HAL_SYSTICK_Config                       0x08003059   Thumb Code    44  stm32f1xx_hal_cortex.o(.text.HAL_SYSTICK_Config)
    HAL_TIMEx_BreakCallback                  0x08003085   Thumb Code     2  stm32f1xx_hal_tim_ex.o(.text.HAL_TIMEx_BreakCallback)
    HAL_TIMEx_CommutCallback                 0x08003089   Thumb Code     2  stm32f1xx_hal_tim_ex.o(.text.HAL_TIMEx_CommutCallback)
    HAL_TIMEx_MasterConfigSynchronization    0x0800308d   Thumb Code   126  stm32f1xx_hal_tim_ex.o(.text.HAL_TIMEx_MasterConfigSynchronization)
    HAL_TIM_Base_Init                        0x0800310d   Thumb Code   250  stm32f1xx_hal_tim.o(.text.HAL_TIM_Base_Init)
    HAL_TIM_Base_MspInit                     0x08003209   Thumb Code    68  stm32f1xx_hal_msp.o(.text.HAL_TIM_Base_MspInit)
    HAL_TIM_Base_Start_IT                    0x0800324d   Thumb Code   110  stm32f1xx_hal_tim.o(.text.HAL_TIM_Base_Start_IT)
    HAL_TIM_Base_Stop_IT                     0x080032bd   Thumb Code    60  stm32f1xx_hal_tim.o(.text.HAL_TIM_Base_Stop_IT)
    HAL_TIM_ConfigClockSource                0x080032f9   Thumb Code   416  stm32f1xx_hal_tim.o(.text.HAL_TIM_ConfigClockSource)
    HAL_TIM_IC_CaptureCallback               0x08003499   Thumb Code     2  stm32f1xx_hal_tim.o(.text.HAL_TIM_IC_CaptureCallback)
    HAL_TIM_IRQHandler                       0x0800349d   Thumb Code   334  stm32f1xx_hal_tim.o(.text.HAL_TIM_IRQHandler)
    HAL_TIM_OC_DelayElapsedCallback          0x080035ed   Thumb Code     2  stm32f1xx_hal_tim.o(.text.HAL_TIM_OC_DelayElapsedCallback)
    HAL_TIM_PWM_PulseFinishedCallback        0x080035f1   Thumb Code     2  stm32f1xx_hal_tim.o(.text.HAL_TIM_PWM_PulseFinishedCallback)
    HAL_TIM_PeriodElapsedCallback            0x080035f5   Thumb Code   174  main.o(.text.HAL_TIM_PeriodElapsedCallback)
    HAL_TIM_TriggerCallback                  0x080036a5   Thumb Code     2  stm32f1xx_hal_tim.o(.text.HAL_TIM_TriggerCallback)
    HAL_UARTEx_ReceiveToIdle_DMA             0x080036a9   Thumb Code   484  stm32f1xx_hal_uart.o(.text.HAL_UARTEx_ReceiveToIdle_DMA)
    HAL_UARTEx_RxEventCallback               0x0800388d   Thumb Code   856  main.o(.text.HAL_UARTEx_RxEventCallback)
    HAL_UART_ErrorCallback                   0x08003bf5   Thumb Code     2  stm32f1xx_hal_uart.o(.text.HAL_UART_ErrorCallback)
    HAL_UART_IRQHandler                      0x08003bf9   Thumb Code  1392  stm32f1xx_hal_uart.o(.text.HAL_UART_IRQHandler)
    HAL_UART_Init                            0x08004169   Thumb Code   226  stm32f1xx_hal_uart.o(.text.HAL_UART_Init)
    HAL_UART_MspInit                         0x0800424d   Thumb Code   472  stm32f1xx_hal_msp.o(.text.HAL_UART_MspInit)
    HAL_UART_RxCpltCallback                  0x08004425   Thumb Code     2  stm32f1xx_hal_uart.o(.text.HAL_UART_RxCpltCallback)
    HAL_UART_RxHalfCpltCallback              0x08004429   Thumb Code     2  stm32f1xx_hal_uart.o(.text.HAL_UART_RxHalfCpltCallback)
    HAL_UART_Transmit                        0x0800442d   Thumb Code   402  stm32f1xx_hal_uart.o(.text.HAL_UART_Transmit)
    HAL_UART_Transmit_DMA                    0x080045c1   Thumb Code   194  stm32f1xx_hal_uart.o(.text.HAL_UART_Transmit_DMA)
    HAL_UART_TxCpltCallback                  0x08004685   Thumb Code     2  stm32f1xx_hal_uart.o(.text.HAL_UART_TxCpltCallback)
    HAL_UART_TxHalfCpltCallback              0x08004689   Thumb Code     2  stm32f1xx_hal_uart.o(.text.HAL_UART_TxHalfCpltCallback)
    HardFault_Handler                        0x0800468d   Thumb Code     2  stm32f1xx_it.o(.text.HardFault_Handler)
    MemManage_Handler                        0x08004691   Thumb Code     2  stm32f1xx_it.o(.text.MemManage_Handler)
    NMI_Handler                              0x08004695   Thumb Code     2  stm32f1xx_it.o(.text.NMI_Handler)
    PendSV_Handler                           0x08004699   Thumb Code     2  stm32f1xx_it.o(.text.PendSV_Handler)
    Preset_Multiple_Reg                      0x0800469d   Thumb Code   576  main.o(.text.Preset_Multiple_Reg)
    Preset_Single_Reg                        0x080048dd   Thumb Code   596  main.o(.text.Preset_Single_Reg)
    Read_Holding_Reg                         0x08004b31   Thumb Code   462  main.o(.text.Read_Holding_Reg)
    SVC_Handler                              0x08004d01   Thumb Code     2  stm32f1xx_it.o(.text.SVC_Handler)
    Send_AT_Commands_SendMessager            0x08004d05   Thumb Code   428  main.o(.text.Send_AT_Commands_SendMessager)
    Send_AT_Commands_Setting                 0x08004ee5   Thumb Code   396  main.o(.text.Send_AT_Commands_Setting)
    SettingESP                               0x0800509d   Thumb Code   328  main.o(.text.SettingESP)
    Sub                                      0x08005251   Thumb Code    44  main.o(.text.Sub)
    SysTick_Handler                          0x0800527d   Thumb Code     4  stm32f1xx_it.o(.text.SysTick_Handler)
    SystemInit                               0x08005281   Thumb Code     2  system_stm32f1xx.o(.text.SystemInit)
    TIM4_IRQHandler                          0x08005285   Thumb Code    12  stm32f1xx_it.o(.text.TIM4_IRQHandler)
    UART1_Handle_MQTT_json                   0x08005291   Thumb Code   488  main.o(.text.UART1_Handle_MQTT_json)
    USART1_IRQHandler                        0x08005991   Thumb Code    12  stm32f1xx_it.o(.text.USART1_IRQHandler)
    USART3_IRQHandler                        0x0800599d   Thumb Code    12  stm32f1xx_it.o(.text.USART3_IRQHandler)
    UsageFault_Handler                       0x080059a9   Thumb Code     2  stm32f1xx_it.o(.text.UsageFault_Handler)
    cJSON_Delete                             0x08005a25   Thumb Code    96  cjson.o(.text.cJSON_Delete)
    cJSON_GetObjectItemCaseSensitive         0x08005a85   Thumb Code    40  cjson.o(.text.cJSON_GetObjectItemCaseSensitive)
    cJSON_IsString                           0x08005aad   Thumb Code    20  cjson.o(.text.cJSON_IsString)
    cJSON_Parse                              0x08005ac1   Thumb Code    32  cjson.o(.text.cJSON_Parse)
    cJSON_ParseWithLengthOpts                0x08005ae1   Thumb Code   436  cjson.o(.text.cJSON_ParseWithLengthOpts)
    main                                     0x08005c99   Thumb Code  1216  main.o(.text.main)
    _btod_d2e                                0x08006bf3   Thumb Code    62  btod.o(CL$$btod_d2e)
    _d2e_denorm_low                          0x08006c31   Thumb Code    70  btod.o(CL$$btod_d2e_denorm_low)
    _d2e_norm_op1                            0x08006c77   Thumb Code    96  btod.o(CL$$btod_d2e_norm_op1)
    __btod_div_common                        0x08006cd9   Thumb Code   696  btod.o(CL$$btod_div_common)
    _e2d                                     0x08007011   Thumb Code   122  btod.o(CL$$btod_e2d)
    _e2e                                     0x08007095   Thumb Code   220  btod.o(CL$$btod_e2e)
    _btod_ediv                               0x08007171   Thumb Code    42  btod.o(CL$$btod_ediv)
    _btod_edivd                              0x0800719b   Thumb Code    42  btod.o(CL$$btod_edivd)
    _btod_emul                               0x080071c5   Thumb Code    42  btod.o(CL$$btod_emul)
    _btod_emuld                              0x080071ef   Thumb Code    42  btod.o(CL$$btod_emuld)
    __btod_mult_common                       0x08007219   Thumb Code   580  btod.o(CL$$btod_mult_common)
    __ARM_fpclassify                         0x0800745d   Thumb Code    40  fpclassify.o(i.__ARM_fpclassify)
    __mathlib_dbl_overflow                   0x08007485   Thumb Code    14  dunder.o(i.__mathlib_dbl_overflow)
    __mathlib_dbl_underflow                  0x08007495   Thumb Code    10  dunder.o(i.__mathlib_dbl_underflow)
    __mathlib_narrow                         0x080074a5   Thumb Code    16  narrow.o(i.__mathlib_narrow)
    __mathlib_tofloat                        0x080074b5   Thumb Code   184  narrow.o(i.__mathlib_tofloat)
    __support_ldexp                          0x08007571   Thumb Code    22  ldexp.o(i.__support_ldexp)
    _is_digit                                0x08007587   Thumb Code    14  __printf_wp.o(i._is_digit)
    frexp                                    0x08007595   Thumb Code    80  frexp.o(i.frexp)
    ldexp                                    0x080075ed   Thumb Code   116  ldexp.o(i.ldexp)
    strtod                                   0x08007661   Thumb Code    30  strtod.o(i.strtod)
    _get_lc_ctype                            0x08007681   Thumb Code    44  lc_ctype_c.o(locale$$code)
    _get_lc_numeric                          0x080076ad   Thumb Code    44  lc_numeric_c.o(locale$$code)
    __aeabi_d2f                              0x080076d9   Thumb Code     0  d2f.o(x$fpl$d2f)
    _d2f                                     0x080076d9   Thumb Code    98  d2f.o(x$fpl$d2f)
    __fpl_dcheck_NaN1                        0x0800773d   Thumb Code    10  dcheck1.o(x$fpl$dcheck1)
    __fpl_dcmp_Inf                           0x0800774d   Thumb Code    24  dcmpi.o(x$fpl$dcmpinf)
    __aeabi_cdcmpeq                          0x08007765   Thumb Code     0  deqf.o(x$fpl$deqf)
    _dcmpeq                                  0x08007765   Thumb Code   120  deqf.o(x$fpl$deqf)
    __aeabi_d2iz                             0x080077dd   Thumb Code     0  dfix.o(x$fpl$dfix)
    _dfix                                    0x080077dd   Thumb Code    94  dfix.o(x$fpl$dfix)
    __aeabi_cdcmpge                          0x0800783d   Thumb Code     0  dgeqf.o(x$fpl$dgeqf)
    _dcmpge                                  0x0800783d   Thumb Code   120  dgeqf.o(x$fpl$dgeqf)
    __aeabi_cdcmple                          0x080078b5   Thumb Code     0  dleqf.o(x$fpl$dleqf)
    _dcmple                                  0x080078b5   Thumb Code   120  dleqf.o(x$fpl$dleqf)
    __fpl_dcmple_InfNaN                      0x08007917   Thumb Code     0  dleqf.o(x$fpl$dleqf)
    __fpl_dnaninf                            0x0800792d   Thumb Code   156  dnaninf.o(x$fpl$dnaninf)
    __fpl_dretinf                            0x080079c9   Thumb Code    12  dretinf.o(x$fpl$dretinf)
    __aeabi_cdrcmple                         0x080079d5   Thumb Code     0  drleqf.o(x$fpl$drleqf)
    _drcmple                                 0x080079d5   Thumb Code   108  drleqf.o(x$fpl$drleqf)
    __aeabi_f2d                              0x08007a41   Thumb Code     0  f2d.o(x$fpl$f2d)
    _f2d                                     0x08007a41   Thumb Code    86  f2d.o(x$fpl$f2d)
    __aeabi_fadd                             0x08007a99   Thumb Code     0  faddsub_clz.o(x$fpl$fadd)
    _fadd                                    0x08007a99   Thumb Code   196  faddsub_clz.o(x$fpl$fadd)
    __aeabi_dcmpeq                           0x08007b5d   Thumb Code     0  dcmp.o(x$fpl$fcmp)
    _deq                                     0x08007b5d   Thumb Code    14  dcmp.o(x$fpl$fcmp)
    _dneq                                    0x08007b6b   Thumb Code    14  dcmp.o(x$fpl$fcmp)
    __aeabi_dcmpgt                           0x08007b79   Thumb Code     0  dcmp.o(x$fpl$fcmp)
    _dgr                                     0x08007b79   Thumb Code    14  dcmp.o(x$fpl$fcmp)
    __aeabi_dcmpge                           0x08007b87   Thumb Code     0  dcmp.o(x$fpl$fcmp)
    _dgeq                                    0x08007b87   Thumb Code    14  dcmp.o(x$fpl$fcmp)
    __aeabi_dcmple                           0x08007b95   Thumb Code     0  dcmp.o(x$fpl$fcmp)
    _dleq                                    0x08007b95   Thumb Code    14  dcmp.o(x$fpl$fcmp)
    __aeabi_dcmplt                           0x08007ba3   Thumb Code     0  dcmp.o(x$fpl$fcmp)
    _dls                                     0x08007ba3   Thumb Code    14  dcmp.o(x$fpl$fcmp)
    __aeabi_fcmpeq                           0x08007bb1   Thumb Code     0  fcmp.o(x$fpl$fcmp)
    _feq                                     0x08007bb1   Thumb Code    14  fcmp.o(x$fpl$fcmp)
    _fneq                                    0x08007bbf   Thumb Code    14  fcmp.o(x$fpl$fcmp)
    __aeabi_fcmpgt                           0x08007bcd   Thumb Code     0  fcmp.o(x$fpl$fcmp)
    _fgr                                     0x08007bcd   Thumb Code    14  fcmp.o(x$fpl$fcmp)
    __aeabi_fcmpge                           0x08007bdb   Thumb Code     0  fcmp.o(x$fpl$fcmp)
    _fgeq                                    0x08007bdb   Thumb Code    14  fcmp.o(x$fpl$fcmp)
    __aeabi_fcmple                           0x08007be9   Thumb Code     0  fcmp.o(x$fpl$fcmp)
    _fleq                                    0x08007be9   Thumb Code    14  fcmp.o(x$fpl$fcmp)
    __aeabi_fcmplt                           0x08007bf7   Thumb Code     0  fcmp.o(x$fpl$fcmp)
    _fls                                     0x08007bf7   Thumb Code    14  fcmp.o(x$fpl$fcmp)
    __fpl_fcmp_Inf                           0x08007c05   Thumb Code    24  fcmpi.o(x$fpl$fcmpinf)
    __aeabi_fdiv                             0x08007c1d   Thumb Code     0  fdiv.o(x$fpl$fdiv)
    _fdiv                                    0x08007c1d   Thumb Code   384  fdiv.o(x$fpl$fdiv)
    __aeabi_cfcmpeq                          0x08007da1   Thumb Code     0  feqf.o(x$fpl$feqf)
    _fcmpeq                                  0x08007da1   Thumb Code   104  feqf.o(x$fpl$feqf)
    __aeabi_f2iz                             0x08007e09   Thumb Code     0  ffix.o(x$fpl$ffix)
    _ffix                                    0x08007e09   Thumb Code    54  ffix.o(x$fpl$ffix)
    __aeabi_i2f                              0x08007e41   Thumb Code     0  fflt_clz.o(x$fpl$fflt)
    _fflt                                    0x08007e41   Thumb Code    48  fflt_clz.o(x$fpl$fflt)
    __aeabi_ui2f                             0x08007e71   Thumb Code     0  fflt_clz.o(x$fpl$ffltu)
    _ffltu                                   0x08007e71   Thumb Code    38  fflt_clz.o(x$fpl$ffltu)
    _fcmpge                                  0x08007e99   Thumb Code   104  fgeqf.o(x$fpl$fgeqf)
    __aeabi_cfcmple                          0x08007f01   Thumb Code     0  fleqf.o(x$fpl$fleqf)
    _fcmple                                  0x08007f01   Thumb Code   104  fleqf.o(x$fpl$fleqf)
    __fpl_fcmple_InfNaN                      0x08007f53   Thumb Code     0  fleqf.o(x$fpl$fleqf)
    __fpl_fnaninf                            0x08007f69   Thumb Code   140  fnaninf.o(x$fpl$fnaninf)
    __fpl_fretinf                            0x08007ff5   Thumb Code    10  fretinf.o(x$fpl$fretinf)
    __aeabi_fsub                             0x08008001   Thumb Code     0  faddsub_clz.o(x$fpl$fsub)
    _fsub                                    0x08008001   Thumb Code   234  faddsub_clz.o(x$fpl$fsub)
    __ieee_status                            0x080080eb   Thumb Code     6  istatus.o(x$fpl$ieeestatus)
    _printf_fp_dec                           0x080080f1   Thumb Code     4  printf1.o(x$fpl$printf1)
    __fpl_return_NaN                         0x080080f5   Thumb Code   100  retnan.o(x$fpl$retnan)
    __ARM_scalbn                             0x08008159   Thumb Code    92  scalbn.o(x$fpl$scalbn)
    _scanf_real                              0x080081b5   Thumb Code     4  scanf1.o(x$fpl$scanf1)
    _scanf_hex_real                          0x080081b9   Thumb Code     4  scanf2.o(x$fpl$scanf2)
    _scanf_infnan                            0x080081bd   Thumb Code     4  scanf2.o(x$fpl$scanf2)
    __fpl_cmpreturn                          0x080081c1   Thumb Code    48  trapv.o(x$fpl$trapveneer)
    __I$use$fp                               0x080081f0   Number         0  usenofp.o(x$fpl$usenofp)
    AHBPrescTable                            0x080082c0   Data          16  system_stm32f1xx.o(.rodata.AHBPrescTable)
    APBPrescTable                            0x080082d0   Data           8  system_stm32f1xx.o(.rodata.APBPrescTable)
    LAP_CMD                                  0x080082dc   Data          64  main.o(.rodata.LAP_CMD)
    Region$$Table$$Base                      0x080084c0   Number         0  anon$$obj.o(Region$$Table)
    Region$$Table$$Limit                     0x080084e0   Number         0  anon$$obj.o(Region$$Table)
    __aeabi_HUGE_VAL                         0x080084e0   Data           0  fpconst.o(c$$dinf)
    __aeabi_HUGE_VALL                        0x080084e0   Data           0  fpconst.o(c$$dinf)
    __aeabi_INFINITY                         0x080084e0   Data           0  fpconst.o(c$$dinf)
    __dInf                                   0x080084e0   Data           0  fpconst.o(c$$dinf)
    __huge_val                               0x080084e0   Data           0  fpconst.o(c$$dinf)
    __dbl_max                                0x080084e8   Data           0  fpconst.o(c$$dmax)
    __ctype                                  0x080084fd   Data           0  lc_ctype_c.o(locale$$data)
    uwTickFreq                               0x20000004   Data           1  stm32f1xx_hal.o(.data..L_MergedGlobals)
    uwTickPrio                               0x20000008   Data           4  stm32f1xx_hal.o(.data..L_MergedGlobals)
    Mode                                     0x2000000c   Data           1  main.o(.data.Mode)
    PubTopic                                 0x2000000d   Data         512  main.o(.data.PubTopic)
    SubTopic                                 0x2000020d   Data         512  main.o(.data.SubTopic)
    SystemCoreClock                          0x20000410   Data           4  system_stm32f1xx.o(.data.SystemCoreClock)
    _random_number_data                      0x20000420   Data         228  rand.o(.bss)
    __libspace_start                         0x20000504   Data          96  libspace.o(.bss)
    __temporary_stack_top$libspace           0x20000564   Data           0  libspace.o(.bss)
    Debug                                    0x2000056c   Data           1  main.o(.bss..L_MergedGlobals)
    UART2_flag                               0x2000056d   Data           1  main.o(.bss..L_MergedGlobals)
    UART1_flag                               0x2000056e   Data           1  main.o(.bss..L_MergedGlobals)
    retry_count                              0x2000056f   Data           1  main.o(.bss..L_MergedGlobals)
    SettingOK                                0x20000570   Data           1  main.o(.bss..L_MergedGlobals)
    ErrorCode                                0x20000571   Data           1  main.o(.bss..L_MergedGlobals)
    TimeToReadDHT11                          0x20000573   Data           1  main.o(.bss..L_MergedGlobals)
    pre_Size                                 0x20000574   Data           2  main.o(.bss..L_MergedGlobals)
    TB2_val                                  0x20000578   Data           4  main.o(.bss..L_MergedGlobals)
    button                                   0x2000057c   Data           4  main.o(.bss..L_MergedGlobals)
    DataToTx_Data                            0x20000584   Data          20  main.o(.bss..L_MergedGlobals)
    huart3                                   0x20000598   Data          72  main.o(.bss..L_MergedGlobals)
    DataSendAT                               0x200005e0   Data         512  main.o(.bss.DataSendAT)
    Rx_buffer_1                              0x200007e0   Data         512  main.o(.bss.Rx_buffer_1)
    Rx_buffer_2                              0x200009e0   Data         512  main.o(.bss.Rx_buffer_2)
    STM32_Reg                                0x20000be0   Data        1024  main.o(.bss.STM32_Reg)
    TxData_MQTT                              0x20000fe0   Data         512  main.o(.bss.TxData_MQTT)
    debug_Data                               0x200011e0   Data         512  main.o(.bss.debug_Data)
    hdma_usart1_rx                           0x200013e0   Data          68  main.o(.bss.hdma_usart1_rx)
    hdma_usart1_tx                           0x20001424   Data          68  main.o(.bss.hdma_usart1_tx)
    hdma_usart3_rx                           0x20001468   Data          68  main.o(.bss.hdma_usart3_rx)
    hdma_usart3_tx                           0x200014ac   Data          68  main.o(.bss.hdma_usart3_tx)
    htim4                                    0x200014f0   Data          72  main.o(.bss.htim4)
    huart1                                   0x20001538   Data          72  main.o(.bss.huart1)
    rx_Data                                  0x20001580   Data         512  main.o(.bss.rx_Data)
    tx_Data                                  0x20001780   Data         512  main.o(.bss.tx_Data)
    uwTick                                   0x20001980   Data           4  stm32f1xx_hal.o(.bss.uwTick)



==============================================================================

Memory Map of the image

  Image Entry point : 0x080000ed

  Load Region LR_IROM1 (Base: 0x08000000, Size: 0x00008a40, Max: 0x00010000, ABSOLUTE, COMPRESSED[0x00008650])

    Execution Region ER_IROM1 (Exec base: 0x08000000, Load base: 0x08000000, Size: 0x0000861c, Max: 0x00010000, ABSOLUTE)

    Exec Addr    Load Addr    Size         Type   Attr      Idx    E Section Name        Object

    0x08000000   0x08000000   0x000000ec   Data   RO            3    RESET               startup_stm32f103xb.o
    0x080000ec   0x080000ec   0x00000008   Code   RO         1426  * !!!main             c_w.l(__main.o)
    0x080000f4   0x080000f4   0x0000005c   Code   RO         1883    !!!scatter          c_w.l(__scatter.o)
    0x08000150   0x08000150   0x0000003a   Code   RO         1881    !!dczerorl          c_w.l(__dczerorl.o)
    0x0800018a   0x0800018a   0x00000002   PAD
    0x0800018c   0x0800018c   0x00000002   Code   RO         1884    !!handler_null      c_w.l(__scatter.o)
    0x0800018e   0x0800018e   0x00000002   PAD
    0x08000190   0x08000190   0x0000001c   Code   RO         1887    !!handler_zi        c_w.l(__scatter_zi.o)
    0x080001ac   0x080001ac   0x00000000   Code   RO         1389    .ARM.Collect$$_printf_percent$$00000000  c_w.l(_printf_percent.o)
    0x080001ac   0x080001ac   0x00000006   Code   RO         1387    .ARM.Collect$$_printf_percent$$00000003  c_w.l(_printf_f.o)
    0x080001b2   0x080001b2   0x00000006   Code   RO         1388    .ARM.Collect$$_printf_percent$$00000005  c_w.l(_printf_g.o)
    0x080001b8   0x080001b8   0x00000006   Code   RO         1384    .ARM.Collect$$_printf_percent$$00000008  c_w.l(_printf_i.o)
    0x080001be   0x080001be   0x00000006   Code   RO         1385    .ARM.Collect$$_printf_percent$$00000009  c_w.l(_printf_d.o)
    0x080001c4   0x080001c4   0x00000006   Code   RO         1386    .ARM.Collect$$_printf_percent$$0000000A  c_w.l(_printf_u.o)
    0x080001ca   0x080001ca   0x00000006   Code   RO         1383    .ARM.Collect$$_printf_percent$$0000000C  c_w.l(_printf_x.o)
    0x080001d0   0x080001d0   0x00000006   Code   RO         1382    .ARM.Collect$$_printf_percent$$00000014  c_w.l(_printf_s.o)
    0x080001d6   0x080001d6   0x00000004   Code   RO         1527    .ARM.Collect$$_printf_percent$$00000017  c_w.l(_printf_percent_end.o)
    0x080001da   0x080001da   0x00000002   Code   RO         1774    .ARM.Collect$$libinit$$00000000  c_w.l(libinit.o)
    0x080001dc   0x080001dc   0x00000000   Code   RO         1549    .ARM.Collect$$libinit$$00000002  c_w.l(libinit2.o)
    0x080001dc   0x080001dc   0x00000000   Code   RO         1551    .ARM.Collect$$libinit$$00000004  c_w.l(libinit2.o)
    0x080001dc   0x080001dc   0x00000000   Code   RO         1553    .ARM.Collect$$libinit$$00000006  c_w.l(libinit2.o)
    0x080001dc   0x080001dc   0x00000008   Code   RO         1554    .ARM.Collect$$libinit$$00000007  c_w.l(libinit2.o)
    0x080001e4   0x080001e4   0x00000000   Code   RO         1556    .ARM.Collect$$libinit$$0000000C  c_w.l(libinit2.o)
    0x080001e4   0x080001e4   0x00000000   Code   RO         1558    .ARM.Collect$$libinit$$0000000E  c_w.l(libinit2.o)
    0x080001e4   0x080001e4   0x00000004   Code   RO         1559    .ARM.Collect$$libinit$$0000000F  c_w.l(libinit2.o)
    0x080001e8   0x080001e8   0x00000000   Code   RO         1560    .ARM.Collect$$libinit$$00000010  c_w.l(libinit2.o)
    0x080001e8   0x080001e8   0x00000006   Code   RO         1561    .ARM.Collect$$libinit$$00000011  c_w.l(libinit2.o)
    0x080001ee   0x080001ee   0x00000000   Code   RO         1563    .ARM.Collect$$libinit$$00000013  c_w.l(libinit2.o)
    0x080001ee   0x080001ee   0x0000000c   Code   RO         1564    .ARM.Collect$$libinit$$00000014  c_w.l(libinit2.o)
    0x080001fa   0x080001fa   0x00000000   Code   RO         1565    .ARM.Collect$$libinit$$00000015  c_w.l(libinit2.o)
    0x080001fa   0x080001fa   0x00000000   Code   RO         1567    .ARM.Collect$$libinit$$00000017  c_w.l(libinit2.o)
    0x080001fa   0x080001fa   0x0000000a   Code   RO         1568    .ARM.Collect$$libinit$$00000018  c_w.l(libinit2.o)
    0x08000204   0x08000204   0x00000000   Code   RO         1569    .ARM.Collect$$libinit$$00000019  c_w.l(libinit2.o)
    0x08000204   0x08000204   0x00000000   Code   RO         1571    .ARM.Collect$$libinit$$0000001B  c_w.l(libinit2.o)
    0x08000204   0x08000204   0x00000000   Code   RO         1573    .ARM.Collect$$libinit$$0000001D  c_w.l(libinit2.o)
    0x08000204   0x08000204   0x00000000   Code   RO         1575    .ARM.Collect$$libinit$$0000001F  c_w.l(libinit2.o)
    0x08000204   0x08000204   0x00000000   Code   RO         1577    .ARM.Collect$$libinit$$00000021  c_w.l(libinit2.o)
    0x08000204   0x08000204   0x00000000   Code   RO         1579    .ARM.Collect$$libinit$$00000023  c_w.l(libinit2.o)
    0x08000204   0x08000204   0x00000000   Code   RO         1581    .ARM.Collect$$libinit$$00000025  c_w.l(libinit2.o)
    0x08000204   0x08000204   0x00000000   Code   RO         1583    .ARM.Collect$$libinit$$00000027  c_w.l(libinit2.o)
    0x08000204   0x08000204   0x00000000   Code   RO         1587    .ARM.Collect$$libinit$$0000002E  c_w.l(libinit2.o)
    0x08000204   0x08000204   0x00000000   Code   RO         1589    .ARM.Collect$$libinit$$00000030  c_w.l(libinit2.o)
    0x08000204   0x08000204   0x00000000   Code   RO         1591    .ARM.Collect$$libinit$$00000032  c_w.l(libinit2.o)
    0x08000204   0x08000204   0x00000000   Code   RO         1593    .ARM.Collect$$libinit$$00000034  c_w.l(libinit2.o)
    0x08000204   0x08000204   0x00000002   Code   RO         1594    .ARM.Collect$$libinit$$00000035  c_w.l(libinit2.o)
    0x08000206   0x08000206   0x00000002   Code   RO         1870    .ARM.Collect$$libshutdown$$00000000  c_w.l(libshutdown.o)
    0x08000208   0x08000208   0x00000000   Code   RO         1800    .ARM.Collect$$libshutdown$$00000002  c_w.l(libshutdown2.o)
    0x08000208   0x08000208   0x00000000   Code   RO         1802    .ARM.Collect$$libshutdown$$00000004  c_w.l(libshutdown2.o)
    0x08000208   0x08000208   0x00000000   Code   RO         1805    .ARM.Collect$$libshutdown$$00000007  c_w.l(libshutdown2.o)
    0x08000208   0x08000208   0x00000000   Code   RO         1808    .ARM.Collect$$libshutdown$$0000000A  c_w.l(libshutdown2.o)
    0x08000208   0x08000208   0x00000000   Code   RO         1810    .ARM.Collect$$libshutdown$$0000000C  c_w.l(libshutdown2.o)
    0x08000208   0x08000208   0x00000000   Code   RO         1813    .ARM.Collect$$libshutdown$$0000000F  c_w.l(libshutdown2.o)
    0x08000208   0x08000208   0x00000002   Code   RO         1814    .ARM.Collect$$libshutdown$$00000010  c_w.l(libshutdown2.o)
    0x0800020a   0x0800020a   0x00000000   Code   RO         1482    .ARM.Collect$$rtentry$$00000000  c_w.l(__rtentry.o)
    0x0800020a   0x0800020a   0x00000000   Code   RO         1624    .ARM.Collect$$rtentry$$00000002  c_w.l(__rtentry2.o)
    0x0800020a   0x0800020a   0x00000006   Code   RO         1636    .ARM.Collect$$rtentry$$00000004  c_w.l(__rtentry4.o)
    0x08000210   0x08000210   0x00000000   Code   RO         1626    .ARM.Collect$$rtentry$$00000009  c_w.l(__rtentry2.o)
    0x08000210   0x08000210   0x00000004   Code   RO         1627    .ARM.Collect$$rtentry$$0000000A  c_w.l(__rtentry2.o)
    0x08000214   0x08000214   0x00000000   Code   RO         1629    .ARM.Collect$$rtentry$$0000000C  c_w.l(__rtentry2.o)
    0x08000214   0x08000214   0x00000008   Code   RO         1630    .ARM.Collect$$rtentry$$0000000D  c_w.l(__rtentry2.o)
    0x0800021c   0x0800021c   0x00000002   Code   RO         1787    .ARM.Collect$$rtexit$$00000000  c_w.l(rtexit.o)
    0x0800021e   0x0800021e   0x00000000   Code   RO         1828    .ARM.Collect$$rtexit$$00000002  c_w.l(rtexit2.o)
    0x0800021e   0x0800021e   0x00000004   Code   RO         1829    .ARM.Collect$$rtexit$$00000003  c_w.l(rtexit2.o)
    0x08000222   0x08000222   0x00000006   Code   RO         1830    .ARM.Collect$$rtexit$$00000004  c_w.l(rtexit2.o)
    0x08000228   0x08000228   0x00000034   Code   RO         1394    .emb_text           c_w.l(rand.o)
    0x0800025c   0x0800025c   0x00000040   Code   RO            4    .text               startup_stm32f103xb.o
    0x0800029c   0x0800029c   0x0000005e   Code   RO         1261    .text               c_w.l(h1_alloc.o)
    0x080002fa   0x080002fa   0x0000004e   Code   RO         1263    .text               c_w.l(h1_free.o)
    0x08000348   0x08000348   0x000000c4   Code   RO         1265    .text               c_w.l(h1_realloc.o)
    0x0800040c   0x0800040c   0x00000040   Code   RO         1327    .text               c_w.l(__2snprintf.o)
    0x0800044c   0x0800044c   0x0000004e   Code   RO         1335    .text               c_w.l(_printf_pad.o)
    0x0800049a   0x0800049a   0x00000052   Code   RO         1337    .text               c_w.l(_printf_str.o)
    0x080004ec   0x080004ec   0x00000078   Code   RO         1339    .text               c_w.l(_printf_dec.o)
    0x08000564   0x08000564   0x00000058   Code   RO         1344    .text               c_w.l(_printf_hex_int.o)
    0x080005bc   0x080005bc   0x00000188   Code   RO         1379    .text               c_w.l(__printf_flags_ss_wp.o)
    0x08000744   0x08000744   0x0000001a   Code   RO         1392    .text               c_w.l(atoi.o)
    0x0800075e   0x0800075e   0x00000002   PAD
    0x08000760   0x08000760   0x0000003c   Code   RO         1395    .text               c_w.l(rand.o)
    0x0800079c   0x0800079c   0x0000000c   Code   RO         1399    .text               c_w.l(strtok.o)
    0x080007a8   0x080007a8   0x00000014   Code   RO         1402    .text               c_w.l(strchr.o)
    0x080007bc   0x080007bc   0x00000024   Code   RO         1404    .text               c_w.l(strstr.o)
    0x080007e0   0x080007e0   0x00000016   Code   RO         1408    .text               c_w.l(strrchr.o)
    0x080007f6   0x080007f6   0x0000003e   Code   RO         1410    .text               c_w.l(strlen.o)
    0x08000834   0x08000834   0x00000096   Code   RO         1412    .text               c_w.l(strncmp.o)
    0x080008ca   0x080008ca   0x0000004e   Code   RO         1418    .text               c_w.l(rt_memclr_w.o)
    0x08000918   0x08000918   0x00000056   Code   RO         1420    .text               c_w.l(strncpy.o)
    0x0800096e   0x0800096e   0x00000002   PAD
    0x08000970   0x08000970   0x00000080   Code   RO         1422    .text               c_w.l(strcmpv7m.o)
    0x080009f0   0x080009f0   0x00000006   Code   RO         1424    .text               c_w.l(heapauxi.o)
    0x080009f6   0x080009f6   0x00000002   PAD
    0x080009f8   0x080009f8   0x00000010   Code   RO         1483    .text               c_w.l(rt_ctype_table.o)
    0x08000a08   0x08000a08   0x00000008   Code   RO         1488    .text               c_w.l(rt_heap_descriptor_intlibspace.o)
    0x08000a10   0x08000a10   0x00000008   Code   RO         1493    .text               c_w.l(rt_errno_addr_intlibspace.o)
    0x08000a18   0x08000a18   0x00000004   Code   RO         1495    .text               c_w.l(hguard.o)
    0x08000a1c   0x08000a1c   0x0000008a   Code   RO         1497    .text               c_w.l(init_alloc.o)
    0x08000aa6   0x08000aa6   0x0000000c   Code   RO         1501    .text               c_w.l(h1_init.o)
    0x08000ab2   0x08000ab2   0x000000b2   Code   RO         1513    .text               c_w.l(_printf_intcommon.o)
    0x08000b64   0x08000b64   0x0000041c   Code   RO         1515    .text               c_w.l(_printf_fp_dec.o)
    0x08000f80   0x08000f80   0x00000030   Code   RO         1519    .text               c_w.l(_printf_char_common.o)
    0x08000fb0   0x08000fb0   0x00000010   Code   RO         1523    .text               c_w.l(_snputc.o)
    0x08000fc0   0x08000fc0   0x0000002c   Code   RO         1525    .text               c_w.l(_printf_char.o)
    0x08000fec   0x08000fec   0x000004f8   Code   RO         1528    .text               c_w.l(scanf_fp.o)
    0x080014e4   0x080014e4   0x00000040   Code   RO         1534    .text               c_w.l(_sgetc.o)
    0x08001524   0x08001524   0x000000b0   Code   RO         1536    .text               c_w.l(strtod.o)
    0x080015d4   0x080015d4   0x00000070   Code   RO         1538    .text               c_w.l(strtol.o)
    0x08001644   0x08001644   0x00000044   Code   RO         1540    .text               c_w.l(strtok_int.o)
    0x08001688   0x08001688   0x00000064   Code   RO         1542    .text               c_w.l(rt_memcpy_w.o)
    0x080016ec   0x080016ec   0x00000044   Code   RO         1544    .text               c_w.l(rt_memclr.o)
    0x08001730   0x08001730   0x00000008   Code   RO         1620    .text               c_w.l(libspace.o)
    0x08001738   0x08001738   0x00000008   Code   RO         1641    .text               c_w.l(rt_locale_intlibspace.o)
    0x08001740   0x08001740   0x00000000   Code   RO         1645    .text               c_w.l(maybetermalloc1.o)
    0x08001740   0x08001740   0x00000034   Code   RO         1647    .text               c_w.l(h1_extend.o)
    0x08001774   0x08001774   0x00000026   Code   RO         1651    .text               c_w.l(llshl.o)
    0x0800179a   0x0800179a   0x0000008a   Code   RO         1653    .text               c_w.l(lludiv10.o)
    0x08001824   0x08001824   0x00000012   Code   RO         1655    .text               c_w.l(isspace.o)
    0x08001836   0x08001836   0x00000002   PAD
    0x08001838   0x08001838   0x00000080   Code   RO         1657    .text               c_w.l(_printf_fp_infnan.o)
    0x080018b8   0x080018b8   0x0000009e   Code   RO         1663    .text               c_w.l(_strtoul.o)
    0x08001956   0x08001956   0x00000002   PAD
    0x08001958   0x08001958   0x000000e4   Code   RO         1665    .text               c_w.l(bigflt0.o)
    0x08001a3c   0x08001a3c   0x0000000e   Code   RO         1701    .text               c_w.l(defsig_rtmem_outer.o)
    0x08001a4a   0x08001a4a   0x00000020   Code   RO         1705    .text               c_w.l(strcspn.o)
    0x08001a6a   0x08001a6a   0x0000001c   Code   RO         1707    .text               c_w.l(strspn.o)
    0x08001a86   0x08001a86   0x00000002   Code   RO         1740    .text               c_w.l(use_no_semi.o)
    0x08001a88   0x08001a88   0x00000000   Code   RO         1742    .text               c_w.l(indicate_semi.o)
    0x08001a88   0x08001a88   0x0000004a   Code   RO         1743    .text               c_w.l(sys_stackheap_outer.o)
    0x08001ad2   0x08001ad2   0x00000016   Code   RO         1749    .text               c_w.l(_rserrno.o)
    0x08001ae8   0x08001ae8   0x0000001c   Code   RO         1751    .text               c_w.l(_chval.o)
    0x08001b04   0x08001b04   0x00000320   Code   RO         1753    .text               c_w.l(scanf_hexfp.o)
    0x08001e24   0x08001e24   0x00000134   Code   RO         1755    .text               c_w.l(scanf_infnan.o)
    0x08001f58   0x08001f58   0x00000012   Code   RO         1759    .text               c_w.l(exit.o)
    0x08001f6a   0x08001f6a   0x0000000a   Code   RO         1761    .text               c_w.l(defsig_exit.o)
    0x08001f74   0x08001f74   0x00000050   Code   RO         1763    .text               c_w.l(defsig_rtmem_inner.o)
    0x08001fc4   0x08001fc4   0x0000000c   Code   RO         1783    .text               c_w.l(sys_exit.o)
    0x08001fd0   0x08001fd0   0x00000032   Code   RO         1797    .text               c_w.l(defsig_general.o)
    0x08002002   0x08002002   0x0000000e   Code   RO         1823    .text               c_w.l(sys_wrch.o)
    0x08002010   0x08002010   0x00000002   Code   RO          398    .text.BusFault_Handler  stm32f1xx_it.o
    0x08002012   0x08002012   0x00000002   PAD
    0x08002014   0x08002014   0x000000a0   Code   RO          295    .text.ChangeMode    main.o
    0x080020b4   0x080020b4   0x000000e8   Code   RO          293    .text.CheckSettingESP  main.o
    0x0800219c   0x0800219c   0x0000000c   Code   RO          414    .text.DMA1_Channel2_IRQHandler  stm32f1xx_it.o
    0x080021a8   0x080021a8   0x0000000c   Code   RO          416    .text.DMA1_Channel3_IRQHandler  stm32f1xx_it.o
    0x080021b4   0x080021b4   0x0000000c   Code   RO          418    .text.DMA1_Channel4_IRQHandler  stm32f1xx_it.o
    0x080021c0   0x080021c0   0x0000000c   Code   RO          420    .text.DMA1_Channel5_IRQHandler  stm32f1xx_it.o
    0x080021cc   0x080021cc   0x00000002   Code   RO          404    .text.DebugMon_Handler  stm32f1xx_it.o
    0x080021ce   0x080021ce   0x00000002   PAD
    0x080021d0   0x080021d0   0x00000006   Code   RO          410    .text.EXTI0_IRQHandler  stm32f1xx_it.o
    0x080021d6   0x080021d6   0x00000002   PAD
    0x080021d8   0x080021d8   0x00000006   Code   RO          412    .text.EXTI1_IRQHandler  stm32f1xx_it.o
    0x080021de   0x080021de   0x00000002   PAD
    0x080021e0   0x080021e0   0x0000000a   Code   RO          343    .text.Error_Handler  main.o
    0x080021ea   0x080021ea   0x00000002   PAD
    0x080021ec   0x080021ec   0x00000046   Code   RO          930    .text.HAL_DMA_Abort  stm32f1xx_hal_dma.o
    0x08002232   0x08002232   0x00000002   PAD
    0x08002234   0x08002234   0x000000b6   Code   RO          932    .text.HAL_DMA_Abort_IT  stm32f1xx_hal_dma.o
    0x080022ea   0x080022ea   0x00000002   PAD
    0x080022ec   0x080022ec   0x000001a0   Code   RO          936    .text.HAL_DMA_IRQHandler  stm32f1xx_hal_dma.o
    0x0800248c   0x0800248c   0x00000084   Code   RO          922    .text.HAL_DMA_Init  stm32f1xx_hal_dma.o
    0x08002510   0x08002510   0x000000a0   Code   RO          928    .text.HAL_DMA_Start_IT  stm32f1xx_hal_dma.o
    0x080025b0   0x080025b0   0x00000028   Code   RO          806    .text.HAL_Delay     stm32f1xx_hal.o
    0x080025d8   0x080025d8   0x000000ba   Code   RO          331    .text.HAL_GPIO_EXTI_Callback  main.o
    0x08002692   0x08002692   0x00000002   PAD
    0x08002694   0x08002694   0x00000016   Code   RO          910    .text.HAL_GPIO_EXTI_IRQHandler  stm32f1xx_hal_gpio.o
    0x080026aa   0x080026aa   0x00000002   PAD
    0x080026ac   0x080026ac   0x0000020e   Code   RO          898    .text.HAL_GPIO_Init  stm32f1xx_hal_gpio.o
    0x080028ba   0x080028ba   0x00000002   PAD
    0x080028bc   0x080028bc   0x0000000a   Code   RO          902    .text.HAL_GPIO_ReadPin  stm32f1xx_hal_gpio.o
    0x080028c6   0x080028c6   0x00000002   PAD
    0x080028c8   0x080028c8   0x0000000a   Code   RO          904    .text.HAL_GPIO_WritePin  stm32f1xx_hal_gpio.o
    0x080028d2   0x080028d2   0x00000002   PAD
    0x080028d4   0x080028d4   0x0000000c   Code   RO          798    .text.HAL_GetTick   stm32f1xx_hal.o
    0x080028e0   0x080028e0   0x0000001a   Code   RO          796    .text.HAL_IncTick   stm32f1xx_hal.o
    0x080028fa   0x080028fa   0x00000002   PAD
    0x080028fc   0x080028fc   0x00000026   Code   RO          786    .text.HAL_Init      stm32f1xx_hal.o
    0x08002922   0x08002922   0x00000002   PAD
    0x08002924   0x08002924   0x00000048   Code   RO          788    .text.HAL_InitTick  stm32f1xx_hal.o
    0x0800296c   0x0800296c   0x00000042   Code   RO          435    .text.HAL_MspInit   stm32f1xx_hal_msp.o
    0x080029ae   0x080029ae   0x00000002   PAD
    0x080029b0   0x080029b0   0x00000022   Code   RO          958    .text.HAL_NVIC_EnableIRQ  stm32f1xx_hal_cortex.o
    0x080029d2   0x080029d2   0x00000002   PAD
    0x080029d4   0x080029d4   0x00000056   Code   RO          956    .text.HAL_NVIC_SetPriority  stm32f1xx_hal_cortex.o
    0x08002a2a   0x08002a2a   0x00000002   PAD
    0x08002a2c   0x08002a2c   0x00000020   Code   RO          954    .text.HAL_NVIC_SetPriorityGrouping  stm32f1xx_hal_cortex.o
    0x08002a4c   0x08002a4c   0x000001ba   Code   RO          850    .text.HAL_RCC_ClockConfig  stm32f1xx_hal_rcc.o
    0x08002c06   0x08002c06   0x00000002   PAD
    0x08002c08   0x08002c08   0x00000026   Code   RO          862    .text.HAL_RCC_GetPCLK1Freq  stm32f1xx_hal_rcc.o
    0x08002c2e   0x08002c2e   0x00000002   PAD
    0x08002c30   0x08002c30   0x00000026   Code   RO          864    .text.HAL_RCC_GetPCLK2Freq  stm32f1xx_hal_rcc.o
    0x08002c56   0x08002c56   0x00000002   PAD
    0x08002c58   0x08002c58   0x00000400   Code   RO          848    .text.HAL_RCC_OscConfig  stm32f1xx_hal_rcc.o
    0x08003058   0x08003058   0x0000002c   Code   RO          966    .text.HAL_SYSTICK_Config  stm32f1xx_hal_cortex.o
    0x08003084   0x08003084   0x00000002   Code   RO          772    .text.HAL_TIMEx_BreakCallback  stm32f1xx_hal_tim_ex.o
    0x08003086   0x08003086   0x00000002   PAD
    0x08003088   0x08003088   0x00000002   Code   RO          768    .text.HAL_TIMEx_CommutCallback  stm32f1xx_hal_tim_ex.o
    0x0800308a   0x0800308a   0x00000002   PAD
    0x0800308c   0x0800308c   0x0000007e   Code   RO          762    .text.HAL_TIMEx_MasterConfigSynchronization  stm32f1xx_hal_tim_ex.o
    0x0800310a   0x0800310a   0x00000002   PAD
    0x0800310c   0x0800310c   0x000000fa   Code   RO          467    .text.HAL_TIM_Base_Init  stm32f1xx_hal_tim.o
    0x08003206   0x08003206   0x00000002   PAD
    0x08003208   0x08003208   0x00000044   Code   RO          437    .text.HAL_TIM_Base_MspInit  stm32f1xx_hal_msp.o
    0x0800324c   0x0800324c   0x0000006e   Code   RO          481    .text.HAL_TIM_Base_Start_IT  stm32f1xx_hal_tim.o
    0x080032ba   0x080032ba   0x00000002   PAD
    0x080032bc   0x080032bc   0x0000003c   Code   RO          483    .text.HAL_TIM_Base_Stop_IT  stm32f1xx_hal_tim.o
    0x080032f8   0x080032f8   0x000001a0   Code   RO          647    .text.HAL_TIM_ConfigClockSource  stm32f1xx_hal_tim.o
    0x08003498   0x08003498   0x00000002   Code   RO          603    .text.HAL_TIM_IC_CaptureCallback  stm32f1xx_hal_tim.o
    0x0800349a   0x0800349a   0x00000002   PAD
    0x0800349c   0x0800349c   0x0000014e   Code   RO          601    .text.HAL_TIM_IRQHandler  stm32f1xx_hal_tim.o
    0x080035ea   0x080035ea   0x00000002   PAD
    0x080035ec   0x080035ec   0x00000002   Code   RO          605    .text.HAL_TIM_OC_DelayElapsedCallback  stm32f1xx_hal_tim.o
    0x080035ee   0x080035ee   0x00000002   PAD
    0x080035f0   0x080035f0   0x00000002   Code   RO          607    .text.HAL_TIM_PWM_PulseFinishedCallback  stm32f1xx_hal_tim.o
    0x080035f2   0x080035f2   0x00000002   PAD
    0x080035f4   0x080035f4   0x000000ae   Code   RO          337    .text.HAL_TIM_PeriodElapsedCallback  main.o
    0x080036a2   0x080036a2   0x00000002   PAD
    0x080036a4   0x080036a4   0x00000002   Code   RO          611    .text.HAL_TIM_TriggerCallback  stm32f1xx_hal_tim.o
    0x080036a6   0x080036a6   0x00000002   PAD
    0x080036a8   0x080036a8   0x000001e4   Code   RO         1165    .text.HAL_UARTEx_ReceiveToIdle_DMA  stm32f1xx_hal_uart.o
    0x0800388c   0x0800388c   0x00000368   Code   RO          315    .text.HAL_UARTEx_RxEventCallback  main.o
    0x08003bf4   0x08003bf4   0x00000002   Code   RO         1201    .text.HAL_UART_ErrorCallback  stm32f1xx_hal_uart.o
    0x08003bf6   0x08003bf6   0x00000002   PAD
    0x08003bf8   0x08003bf8   0x00000570   Code   RO         1195    .text.HAL_UART_IRQHandler  stm32f1xx_hal_uart.o
    0x08004168   0x08004168   0x000000e2   Code   RO         1119    .text.HAL_UART_Init  stm32f1xx_hal_uart.o
    0x0800424a   0x0800424a   0x00000002   PAD
    0x0800424c   0x0800424c   0x000001d8   Code   RO          441    .text.HAL_UART_MspInit  stm32f1xx_hal_msp.o
    0x08004424   0x08004424   0x00000002   Code   RO         1209    .text.HAL_UART_RxCpltCallback  stm32f1xx_hal_uart.o
    0x08004426   0x08004426   0x00000002   PAD
    0x08004428   0x08004428   0x00000002   Code   RO         1211    .text.HAL_UART_RxHalfCpltCallback  stm32f1xx_hal_uart.o
    0x0800442a   0x0800442a   0x00000002   PAD
    0x0800442c   0x0800442c   0x00000192   Code   RO         1133    .text.HAL_UART_Transmit  stm32f1xx_hal_uart.o
    0x080045be   0x080045be   0x00000002   PAD
    0x080045c0   0x080045c0   0x000000c2   Code   RO         1143    .text.HAL_UART_Transmit_DMA  stm32f1xx_hal_uart.o
    0x08004682   0x08004682   0x00000002   PAD
    0x08004684   0x08004684   0x00000002   Code   RO         1205    .text.HAL_UART_TxCpltCallback  stm32f1xx_hal_uart.o
    0x08004686   0x08004686   0x00000002   PAD
    0x08004688   0x08004688   0x00000002   Code   RO         1207    .text.HAL_UART_TxHalfCpltCallback  stm32f1xx_hal_uart.o
    0x0800468a   0x0800468a   0x00000002   PAD
    0x0800468c   0x0800468c   0x00000002   Code   RO          394    .text.HardFault_Handler  stm32f1xx_it.o
    0x0800468e   0x0800468e   0x00000002   PAD
    0x08004690   0x08004690   0x00000002   Code   RO          396    .text.MemManage_Handler  stm32f1xx_it.o
    0x08004692   0x08004692   0x00000002   PAD
    0x08004694   0x08004694   0x00000002   Code   RO          392    .text.NMI_Handler   stm32f1xx_it.o
    0x08004696   0x08004696   0x00000002   PAD
    0x08004698   0x08004698   0x00000002   Code   RO          406    .text.PendSV_Handler  stm32f1xx_it.o
    0x0800469a   0x0800469a   0x00000002   PAD
    0x0800469c   0x0800469c   0x00000240   Code   RO          321    .text.Preset_Multiple_Reg  main.o
    0x080048dc   0x080048dc   0x00000254   Code   RO          319    .text.Preset_Single_Reg  main.o
    0x08004b30   0x08004b30   0x000001ce   Code   RO          317    .text.Read_Holding_Reg  main.o
    0x08004cfe   0x08004cfe   0x00000002   PAD
    0x08004d00   0x08004d00   0x00000002   Code   RO          402    .text.SVC_Handler   stm32f1xx_it.o
    0x08004d02   0x08004d02   0x00000002   PAD
    0x08004d04   0x08004d04   0x000001e0   Code   RO          305    .text.Send_AT_Commands_SendMessager  main.o
    0x08004ee4   0x08004ee4   0x000001b8   Code   RO          303    .text.Send_AT_Commands_Setting  main.o
    0x0800509c   0x0800509c   0x000001b4   Code   RO          291    .text.SettingESP    main.o
    0x08005250   0x08005250   0x0000002c   Code   RO          297    .text.Sub           main.o
    0x0800527c   0x0800527c   0x00000004   Code   RO          408    .text.SysTick_Handler  stm32f1xx_it.o
    0x08005280   0x08005280   0x00000002   Code   RO         1239    .text.SystemInit    system_stm32f1xx.o
    0x08005282   0x08005282   0x00000002   PAD
    0x08005284   0x08005284   0x0000000c   Code   RO          422    .text.TIM4_IRQHandler  stm32f1xx_it.o
    0x08005290   0x08005290   0x00000248   Code   RO          307    .text.UART1_Handle_MQTT_json  main.o
    0x080054d8   0x080054d8   0x0000000c   Code   RO         1199    .text.UART_DMAAbortOnError  stm32f1xx_hal_uart.o
    0x080054e4   0x080054e4   0x0000017c   Code   RO         1149    .text.UART_DMAError  stm32f1xx_hal_uart.o
    0x08005660   0x08005660   0x0000015e   Code   RO         1227    .text.UART_DMAReceiveCplt  stm32f1xx_hal_uart.o
    0x080057be   0x080057be   0x00000002   PAD
    0x080057c0   0x080057c0   0x00000018   Code   RO         1229    .text.UART_DMARxHalfCplt  stm32f1xx_hal_uart.o
    0x080057d8   0x080057d8   0x000000b0   Code   RO         1145    .text.UART_DMATransmitCplt  stm32f1xx_hal_uart.o
    0x08005888   0x08005888   0x00000006   Code   RO         1147    .text.UART_DMATxHalfCplt  stm32f1xx_hal_uart.o
    0x0800588e   0x0800588e   0x00000002   PAD
    0x08005890   0x08005890   0x000000fe   Code   RO         1197    .text.UART_Receive_IT  stm32f1xx_hal_uart.o
    0x0800598e   0x0800598e   0x00000002   PAD
    0x08005990   0x08005990   0x0000000c   Code   RO          424    .text.USART1_IRQHandler  stm32f1xx_it.o
    0x0800599c   0x0800599c   0x0000000c   Code   RO          426    .text.USART3_IRQHandler  stm32f1xx_it.o
    0x080059a8   0x080059a8   0x00000002   Code   RO          400    .text.UsageFault_Handler  stm32f1xx_it.o
    0x080059aa   0x080059aa   0x00000002   PAD
    0x080059ac   0x080059ac   0x00000076   Code   RO           62    .text.buffer_skip_whitespace  cjson.o
    0x08005a22   0x08005a22   0x00000002   PAD
    0x08005a24   0x08005a24   0x00000060   Code   RO           48    .text.cJSON_Delete  cjson.o
    0x08005a84   0x08005a84   0x00000028   Code   RO           88    .text.cJSON_GetObjectItemCaseSensitive  cjson.o
    0x08005aac   0x08005aac   0x00000014   Code   RO           38    .text.cJSON_IsString  cjson.o
    0x08005ac0   0x08005ac0   0x00000020   Code   RO           64    .text.cJSON_Parse   cjson.o
    0x08005ae0   0x08005ae0   0x000001b8   Code   RO           58    .text.cJSON_ParseWithLengthOpts  cjson.o
    0x08005c98   0x08005c98   0x000004c0   Code   RO          339    .text.main          main.o
    0x08006158   0x08006158   0x00000100   Code   RO          210    .text.parse_hex4    cjson.o
    0x08006258   0x08006258   0x0000031a   Code   RO          208    .text.parse_object  cjson.o
    0x08006572   0x08006572   0x00000002   PAD
    0x08006574   0x08006574   0x000003e2   Code   RO          206    .text.parse_string  cjson.o
    0x08006956   0x08006956   0x00000002   PAD
    0x08006958   0x08006958   0x0000029a   Code   RO           60    .text.parse_value   cjson.o
    0x08006bf2   0x08006bf2   0x0000003e   Code   RO         1668    CL$$btod_d2e        c_w.l(btod.o)
    0x08006c30   0x08006c30   0x00000046   Code   RO         1670    CL$$btod_d2e_denorm_low  c_w.l(btod.o)
    0x08006c76   0x08006c76   0x00000060   Code   RO         1669    CL$$btod_d2e_norm_op1  c_w.l(btod.o)
    0x08006cd6   0x08006cd6   0x00000002   PAD
    0x08006cd8   0x08006cd8   0x00000338   Code   RO         1678    CL$$btod_div_common  c_w.l(btod.o)
    0x08007010   0x08007010   0x00000084   Code   RO         1676    CL$$btod_e2d        c_w.l(btod.o)
    0x08007094   0x08007094   0x000000dc   Code   RO         1675    CL$$btod_e2e        c_w.l(btod.o)
    0x08007170   0x08007170   0x0000002a   Code   RO         1672    CL$$btod_ediv       c_w.l(btod.o)
    0x0800719a   0x0800719a   0x0000002a   Code   RO         1674    CL$$btod_edivd      c_w.l(btod.o)
    0x080071c4   0x080071c4   0x0000002a   Code   RO         1671    CL$$btod_emul       c_w.l(btod.o)
    0x080071ee   0x080071ee   0x0000002a   Code   RO         1673    CL$$btod_emuld      c_w.l(btod.o)
    0x08007218   0x08007218   0x00000244   Code   RO         1677    CL$$btod_mult_common  c_w.l(btod.o)
    0x0800745c   0x0800745c   0x00000028   Code   RO         1732    i.__ARM_fpclassify  m_ws.l(fpclassify.o)
    0x08007484   0x08007484   0x0000000e   Code   RO         1842    i.__mathlib_dbl_overflow  m_ws.l(dunder.o)
    0x08007492   0x08007492   0x00000002   PAD
    0x08007494   0x08007494   0x00000010   Code   RO         1844    i.__mathlib_dbl_underflow  m_ws.l(dunder.o)
    0x080074a4   0x080074a4   0x00000010   Code   RO         1734    i.__mathlib_narrow  m_ws.l(narrow.o)
    0x080074b4   0x080074b4   0x000000bc   Code   RO         1735    i.__mathlib_tofloat  m_ws.l(narrow.o)
    0x08007570   0x08007570   0x00000016   Code   RO         1818    i.__support_ldexp   m_ws.l(ldexp.o)
    0x08007586   0x08007586   0x0000000e   Code   RO         1372    i._is_digit         c_w.l(__printf_wp.o)
    0x08007594   0x08007594   0x00000058   Code   RO         1780    i.frexp             m_ws.l(frexp.o)
    0x080075ec   0x080075ec   0x00000074   Code   RO         1819    i.ldexp             m_ws.l(ldexp.o)
    0x08007660   0x08007660   0x0000001e   Code   RO         1477    i.strtod            m_ws.l(strtod.o)
    0x0800767e   0x0800767e   0x00000002   PAD
    0x08007680   0x08007680   0x0000002c   Code   RO         1696    locale$$code        c_w.l(lc_ctype_c.o)
    0x080076ac   0x080076ac   0x0000002c   Code   RO         1699    locale$$code        c_w.l(lc_numeric_c.o)
    0x080076d8   0x080076d8   0x00000062   Code   RO         1775    x$fpl$d2f           fz_ws.l(d2f.o)
    0x0800773a   0x0800773a   0x00000002   PAD
    0x0800773c   0x0800773c   0x00000010   Code   RO         1836    x$fpl$dcheck1       fz_ws.l(dcheck1.o)
    0x0800774c   0x0800774c   0x00000018   Code   RO         1714    x$fpl$dcmpinf       fz_ws.l(dcmpi.o)
    0x08007764   0x08007764   0x00000078   Code   RO         1595    x$fpl$deqf          fz_ws.l(deqf.o)
    0x080077dc   0x080077dc   0x0000005e   Code   RO         1436    x$fpl$dfix          fz_ws.l(dfix.o)
    0x0800783a   0x0800783a   0x00000002   PAD
    0x0800783c   0x0800783c   0x00000078   Code   RO         1597    x$fpl$dgeqf         fz_ws.l(dgeqf.o)
    0x080078b4   0x080078b4   0x00000078   Code   RO         1599    x$fpl$dleqf         fz_ws.l(dleqf.o)
    0x0800792c   0x0800792c   0x0000009c   Code   RO         1601    x$fpl$dnaninf       fz_ws.l(dnaninf.o)
    0x080079c8   0x080079c8   0x0000000c   Code   RO         1603    x$fpl$dretinf       fz_ws.l(dretinf.o)
    0x080079d4   0x080079d4   0x0000006c   Code   RO         1777    x$fpl$drleqf        fz_ws.l(drleqf.o)
    0x08007a40   0x08007a40   0x00000056   Code   RO         1448    x$fpl$f2d           fz_ws.l(f2d.o)
    0x08007a96   0x08007a96   0x00000002   PAD
    0x08007a98   0x08007a98   0x000000c4   Code   RO         1450    x$fpl$fadd          fz_ws.l(faddsub_clz.o)
    0x08007b5c   0x08007b5c   0x00000054   Code   RO         1434    x$fpl$fcmp          fz_ws.l(dcmp.o)
    0x08007bb0   0x08007bb0   0x00000054   Code   RO         1456    x$fpl$fcmp          fz_ws.l(fcmp.o)
    0x08007c04   0x08007c04   0x00000018   Code   RO         1716    x$fpl$fcmpinf       fz_ws.l(fcmpi.o)
    0x08007c1c   0x08007c1c   0x00000184   Code   RO         1459    x$fpl$fdiv          fz_ws.l(fdiv.o)
    0x08007da0   0x08007da0   0x00000068   Code   RO         1605    x$fpl$feqf          fz_ws.l(feqf.o)
    0x08007e08   0x08007e08   0x00000036   Code   RO         1462    x$fpl$ffix          fz_ws.l(ffix.o)
    0x08007e3e   0x08007e3e   0x00000002   PAD
    0x08007e40   0x08007e40   0x00000030   Code   RO         1467    x$fpl$fflt          fz_ws.l(fflt_clz.o)
    0x08007e70   0x08007e70   0x00000026   Code   RO         1466    x$fpl$ffltu         fz_ws.l(fflt_clz.o)
    0x08007e96   0x08007e96   0x00000002   PAD
    0x08007e98   0x08007e98   0x00000068   Code   RO         1607    x$fpl$fgeqf         fz_ws.l(fgeqf.o)
    0x08007f00   0x08007f00   0x00000068   Code   RO         1609    x$fpl$fleqf         fz_ws.l(fleqf.o)
    0x08007f68   0x08007f68   0x0000008c   Code   RO         1611    x$fpl$fnaninf       fz_ws.l(fnaninf.o)
    0x08007ff4   0x08007ff4   0x0000000a   Code   RO         1613    x$fpl$fretinf       fz_ws.l(fretinf.o)
    0x08007ffe   0x08007ffe   0x00000002   PAD
    0x08008000   0x08008000   0x000000ea   Code   RO         1452    x$fpl$fsub          fz_ws.l(faddsub_clz.o)
    0x080080ea   0x080080ea   0x00000006   Code   RO         1724    x$fpl$ieeestatus    fz_ws.l(istatus.o)
    0x080080f0   0x080080f0   0x00000004   Code   RO         1472    x$fpl$printf1       fz_ws.l(printf1.o)
    0x080080f4   0x080080f4   0x00000064   Code   RO         1875    x$fpl$retnan        fz_ws.l(retnan.o)
    0x08008158   0x08008158   0x0000005c   Code   RO         1815    x$fpl$scalbn        fz_ws.l(scalbn.o)
    0x080081b4   0x080081b4   0x00000004   Code   RO         1474    x$fpl$scanf1        fz_ws.l(scanf1.o)
    0x080081b8   0x080081b8   0x00000008   Code   RO         1726    x$fpl$scanf2        fz_ws.l(scanf2.o)
    0x080081c0   0x080081c0   0x00000030   Code   RO         1877    x$fpl$trapveneer    fz_ws.l(trapv.o)
    0x080081f0   0x080081f0   0x00000000   Code   RO         1615    x$fpl$usenofp       fz_ws.l(usenofp.o)
    0x080081f0   0x080081f0   0x00000028   Data   RO         1345    .constdata          c_w.l(_printf_hex_int.o)
    0x08008218   0x08008218   0x00000011   Data   RO         1380    .constdata          c_w.l(__printf_flags_ss_wp.o)
    0x08008229   0x08008229   0x00000003   PAD
    0x0800822c   0x0800822c   0x00000094   Data   RO         1666    .constdata          c_w.l(bigflt0.o)
    0x080082c0   0x080082c0   0x00000010   Data   RO         1244    .rodata.AHBPrescTable  system_stm32f1xx.o
    0x080082d0   0x080082d0   0x00000008   Data   RO         1245    .rodata.APBPrescTable  system_stm32f1xx.o
    0x080082d8   0x080082d8   0x00000002   Data   RO          875    .rodata.HAL_RCC_GetSysClockFreq.aPredivFactorTable  stm32f1xx_hal_rcc.o
    0x080082da   0x080082da   0x00000002   PAD
    0x080082dc   0x080082dc   0x00000040   Data   RO          355    .rodata.LAP_CMD     main.o
    0x0800831c   0x0800831c   0x00000010   Data   RO          874    .rodata.cst16       stm32f1xx_hal_rcc.o
    0x0800832c   0x0800832c   0x00000010   Data   RO          218    .rodata.str1.1      cjson.o
    0x0800833c   0x0800833c   0x00000182   Data   RO          354    .rodata.str1.1      main.o
    0x080084be   0x080084be   0x00000002   PAD
    0x080084c0   0x080084c0   0x00000020   Data   RO         1880    Region$$Table       anon$$obj.o
    0x080084e0   0x080084e0   0x00000008   Data   RO         1718    c$$dinf             fz_ws.l(fpconst.o)
    0x080084e8   0x080084e8   0x00000008   Data   RO         1721    c$$dmax             fz_ws.l(fpconst.o)
    0x080084f0   0x080084f0   0x00000110   Data   RO         1695    locale$$data        c_w.l(lc_ctype_c.o)
    0x08008600   0x08008600   0x0000001c   Data   RO         1698    locale$$data        c_w.l(lc_numeric_c.o)


    Execution Region RW_IRAM1 (Exec base: 0x20000000, Load base: 0x08008620, Size: 0x00001f88, Max: 0x00005000, ABSOLUTE, COMPRESSED[0x00000030])

    Exec Addr    Load Addr    Size         Type   Attr      Idx    E Section Name        Object

    0x20000000   COMPRESSED   0x00000004   Data   RW         1400    .data               c_w.l(strtok.o)
    0x20000004   COMPRESSED   0x00000008   Data   RW          837    .data..L_MergedGlobals  stm32f1xx_hal.o
    0x2000000c   COMPRESSED   0x00000001   Data   RW          349    .data.Mode          main.o
    0x2000000d   COMPRESSED   0x00000200   Data   RW          353    .data.PubTopic      main.o
    0x2000020d   COMPRESSED   0x00000200   Data   RW          352    .data.SubTopic      main.o
    0x2000040d   COMPRESSED   0x00000003   PAD
    0x20000410   COMPRESSED   0x00000004   Data   RW         1243    .data.SystemCoreClock  system_stm32f1xx.o
    0x20000414   COMPRESSED   0x0000000c   Data   RW          217    .data.global_hooks  cjson.o
    0x20000420        -       0x000000e4   Zero   RW         1396    .bss                c_w.l(rand.o)
    0x20000504        -       0x00000060   Zero   RW         1621    .bss                c_w.l(libspace.o)
    0x20000564        -       0x00000008   Zero   RW          219    .bss..L_MergedGlobals  cjson.o
    0x2000056c        -       0x00000074   Zero   RW          383    .bss..L_MergedGlobals  main.o
    0x200005e0        -       0x00000200   Zero   RW          365    .bss.DataSendAT     main.o
    0x200007e0        -       0x00000200   Zero   RW          367    .bss.Rx_buffer_1    main.o
    0x200009e0        -       0x00000200   Zero   RW          364    .bss.Rx_buffer_2    main.o
    0x20000be0        -       0x00000400   Zero   RW          360    .bss.STM32_Reg      main.o
    0x20000fe0        -       0x00000200   Zero   RW          370    .bss.TxData_MQTT    main.o
    0x200011e0        -       0x00000200   Zero   RW          359    .bss.debug_Data     main.o
    0x200013e0        -       0x00000044   Zero   RW          371    .bss.hdma_usart1_rx  main.o
    0x20001424        -       0x00000044   Zero   RW          372    .bss.hdma_usart1_tx  main.o
    0x20001468        -       0x00000044   Zero   RW          373    .bss.hdma_usart3_rx  main.o
    0x200014ac        -       0x00000044   Zero   RW          374    .bss.hdma_usart3_tx  main.o
    0x200014f0        -       0x00000048   Zero   RW          369    .bss.htim4          main.o
    0x20001538        -       0x00000048   Zero   RW          366    .bss.huart1         main.o
    0x20001580        -       0x00000200   Zero   RW          357    .bss.rx_Data        main.o
    0x20001780        -       0x00000200   Zero   RW          358    .bss.tx_Data        main.o
    0x20001980        -       0x00000004   Zero   RW          836    .bss.uwTick         stm32f1xx_hal.o
    0x20001984   COMPRESSED   0x00000004   PAD
    0x20001988        -       0x00000200   Zero   RW            2    HEAP                startup_stm32f103xb.o
    0x20001b88        -       0x00000400   Zero   RW            1    STACK               startup_stm32f103xb.o


==============================================================================

Image component sizes


      Code (inc. data)   RO Data    RW Data    ZI Data      Debug   Object Name

      3456        174         16         12          8      74044   cjson.o
      6468        356        450       1025       5140      32354   main.o
        64         26        236          0       1536        796   startup_stm32f103xb.o
       188          0          0          8          4       5773   stm32f1xx_hal.o
       196          0          0          0          0       8427   stm32f1xx_hal_cortex.o
       960          0          0          0          0       8294   stm32f1xx_hal_dma.o
       568         22          0          0          0       4701   stm32f1xx_hal_gpio.o
       606          0          0          0          0       7944   stm32f1xx_hal_msp.o
      1542          0         18          0          0       7961   stm32f1xx_hal_rcc.o
      1178          0          0          0          0      57680   stm32f1xx_hal_tim.o
       130          0          0          0          0      20922   stm32f1xx_hal_tim_ex.o
      3910          0          0          0          0      32633   stm32f1xx_hal_uart.o
       116          0          0          0          0       6373   stm32f1xx_it.o
         2          0         24          4          0       1611   system_stm32f1xx.o

    ----------------------------------------------------------------------
     19490        578        780       1052       6692     269513   Object Totals
         0          0         32          0          0          0   (incl. Generated)
       106          0          4          3          4          0   (incl. Padding)

    ----------------------------------------------------------------------

      Code (inc. data)   RO Data    RW Data    ZI Data      Debug   Library Member Name

        64          6          0          0          0         84   __2snprintf.o
        58          0          0          0          0          0   __dczerorl.o
         8          0          0          0          0         68   __main.o
       392          4         17          0          0         92   __printf_flags_ss_wp.o
        14          0          0          0          0         68   __printf_wp.o
         0          0          0          0          0          0   __rtentry.o
        12          0          0          0          0          0   __rtentry2.o
         6          0          0          0          0          0   __rtentry4.o
        94          8          0          0          0          0   __scatter.o
        28          0          0          0          0          0   __scatter_zi.o
        28          0          0          0          0         68   _chval.o
        44          0          0          0          0        108   _printf_char.o
        48          6          0          0          0         96   _printf_char_common.o
         6          0          0          0          0          0   _printf_d.o
       120         16          0          0          0         92   _printf_dec.o
         6          0          0          0          0          0   _printf_f.o
      1052          0          0          0          0        148   _printf_fp_dec.o
       128         16          0          0          0         84   _printf_fp_infnan.o
         6          0          0          0          0          0   _printf_g.o
        88          4         40          0          0         88   _printf_hex_int.o
         6          0          0          0          0          0   _printf_i.o
       178          0          0          0          0         88   _printf_intcommon.o
        78          0          0          0          0        108   _printf_pad.o
         0          0          0          0          0          0   _printf_percent.o
         4          0          0          0          0          0   _printf_percent_end.o
         6          0          0          0          0          0   _printf_s.o
        82          0          0          0          0         80   _printf_str.o
         6          0          0          0          0          0   _printf_u.o
         6          0          0          0          0          0   _printf_x.o
        22          0          0          0          0        100   _rserrno.o
        64          0          0          0          0         84   _sgetc.o
        16          0          0          0          0         68   _snputc.o
       158          0          0          0          0         92   _strtoul.o
        26          0          0          0          0         80   atoi.o
       228          4        148          0          0         96   bigflt0.o
      2152        136          0          0          0        956   btod.o
        10          0          0          0          0         68   defsig_exit.o
        50          0          0          0          0         88   defsig_general.o
        80         58          0          0          0         76   defsig_rtmem_inner.o
        14          0          0          0          0         80   defsig_rtmem_outer.o
        18          0          0          0          0         80   exit.o
        94          0          0          0          0         80   h1_alloc.o
        52          0          0          0          0         68   h1_extend.o
        78          0          0          0          0         80   h1_free.o
        12          0          0          0          0         84   h1_init.o
       196          0          0          0          0         92   h1_realloc.o
         6          0          0          0          0        152   heapauxi.o
         4          0          0          0          0        136   hguard.o
         0          0          0          0          0          0   indicate_semi.o
       138          0          0          0          0        168   init_alloc.o
        18          0          0          0          0         76   isspace.o
        44         10        272          0          0         76   lc_ctype_c.o
        44         10         28          0          0         76   lc_numeric_c.o
         2          0          0          0          0          0   libinit.o
        42          0          0          0          0          0   libinit2.o
         2          0          0          0          0          0   libshutdown.o
         2          0          0          0          0          0   libshutdown2.o
         8          4          0          0         96         68   libspace.o
        38          0          0          0          0         68   llshl.o
       138          0          0          0          0         80   lludiv10.o
         0          0          0          0          0          0   maybetermalloc1.o
       112         18          0          0        228        160   rand.o
        16          4          0          0          0         76   rt_ctype_table.o
         8          4          0          0          0         68   rt_errno_addr_intlibspace.o
         8          4          0          0          0         68   rt_heap_descriptor_intlibspace.o
         8          4          0          0          0         68   rt_locale_intlibspace.o
        68          0          0          0          0         68   rt_memclr.o
        78          0          0          0          0         80   rt_memclr_w.o
       100          0          0          0          0         80   rt_memcpy_w.o
         2          0          0          0          0          0   rtexit.o
        10          0          0          0          0          0   rtexit2.o
      1272         16          0          0          0        168   scanf_fp.o
       800         14          0          0          0        100   scanf_hexfp.o
       308         16          0          0          0        100   scanf_infnan.o
        20          0          0          0          0         68   strchr.o
       128          0          0          0          0         68   strcmpv7m.o
        32          0          0          0          0         80   strcspn.o
        62          0          0          0          0         76   strlen.o
       150          0          0          0          0         80   strncmp.o
        86          0          0          0          0         76   strncpy.o
        22          0          0          0          0         68   strrchr.o
        28          0          0          0          0         80   strspn.o
        36          0          0          0          0         80   strstr.o
       176         14          0          0          0        124   strtod.o
        12          6          0          4          0         68   strtok.o
        68          4          0          0          0         84   strtok_int.o
       112          0          0          0          0         88   strtol.o
        12          4          0          0          0         68   sys_exit.o
        74          0          0          0          0         80   sys_stackheap_outer.o
        14          0          0          0          0         76   sys_wrch.o
         2          0          0          0          0         68   use_no_semi.o
        98          4          0          0          0         92   d2f.o
        16          4          0          0          0         68   dcheck1.o
        84          0          0          0          0        196   dcmp.o
        24          0          0          0          0         68   dcmpi.o
       120          4          0          0          0         92   deqf.o
        94          4          0          0          0         92   dfix.o
       120          4          0          0          0         92   dgeqf.o
       120          4          0          0          0         92   dleqf.o
       156          4          0          0          0         92   dnaninf.o
        12          0          0          0          0         68   dretinf.o
       108          0          0          0          0         80   drleqf.o
        86          4          0          0          0         84   f2d.o
       430          8          0          0          0        168   faddsub_clz.o
        84          0          0          0          0        196   fcmp.o
        24          0          0          0          0         68   fcmpi.o
       388         76          0          0          0         96   fdiv.o
       104          4          0          0          0         84   feqf.o
        54          4          0          0          0         84   ffix.o
        86          0          0          0          0        136   fflt_clz.o
       104          4          0          0          0         84   fgeqf.o
       104          4          0          0          0         84   fleqf.o
       140          4          0          0          0         84   fnaninf.o
         0          0         16          0          0          0   fpconst.o
        10          0          0          0          0         68   fretinf.o
         6          0          0          0          0         68   istatus.o
         4          0          0          0          0         68   printf1.o
       100          0          0          0          0         68   retnan.o
        92          0          0          0          0         68   scalbn.o
         4          0          0          0          0         68   scanf1.o
         8          0          0          0          0         84   scanf2.o
        48          0          0          0          0         68   trapv.o
         0          0          0          0          0          0   usenofp.o
        30          6          0          0          0        136   dunder.o
        40          0          0          0          0         68   fpclassify.o
        88          8          0          0          0         76   frexp.o
       138          0          0          0          0        160   ldexp.o
       204          4          0          0          0        168   narrow.o
        30          0          0          0          0         80   strtod.o

    ----------------------------------------------------------------------
     13538        544        524          4        324      10260   Library Totals
        32          0          3          0          0          0   (incl. Padding)

    ----------------------------------------------------------------------

      Code (inc. data)   RO Data    RW Data    ZI Data      Debug   Library Name

     10148        390        505          4        324       6812   c_w.l
      2828        136         16          0          0       2760   fz_ws.l
       530         18          0          0          0        688   m_ws.l

    ----------------------------------------------------------------------
     13538        544        524          4        324      10260   Library Totals

    ----------------------------------------------------------------------

==============================================================================


      Code (inc. data)   RO Data    RW Data    ZI Data      Debug   

     33028       1122       1304       1056       7016     273565   Grand Totals
     33028       1122       1304         48       7016     273565   ELF Image Totals (compressed)
     33028       1122       1304         48          0          0   ROM Totals

==============================================================================

    Total RO  Size (Code + RO Data)                34332 (  33.53kB)
    Total RW  Size (RW Data + ZI Data)              8072 (   7.88kB)
    Total ROM Size (Code + RO Data + RW Data)      34380 (  33.57kB)

==============================================================================

